Archive member included to satisfy reference by file (symbol)

../../libdaisy//build/libdaisy.a(daisy_seed.o)
                              build/semester_project.o (daisy::DaisySeed::Configure())
../../libdaisy//build/libdaisy.a(codec_ak4556.o)
                              ../../libdaisy//build/libdaisy.a(daisy_seed.o) (daisy::Ak4556::Init(dsy_gpio_pin))
../../libdaisy//build/libdaisy.a(codec_wm8731.o)
                              ../../libdaisy//build/libdaisy.a(daisy_seed.o) (daisy::Wm8731::Init(daisy::Wm8731::Config const&, daisy::I2CHandle))
../../libdaisy//build/libdaisy.a(sdram.o)
                              ../../libdaisy//build/libdaisy.a(daisy_seed.o) (SdramHandle::Init())
../../libdaisy//build/libdaisy.a(audio.o)
                              ../../libdaisy//build/libdaisy.a(daisy_seed.o) (daisy::AudioHandle::Init(daisy::AudioHandle::Config const&, daisy::SaiHandle))
../../libdaisy//build/libdaisy.a(encoder.o)
                              build/semester_project.o (daisy::Encoder::Init(dsy_gpio_pin, dsy_gpio_pin, dsy_gpio_pin, float))
../../libdaisy//build/libdaisy.a(switch.o)
                              build/semester_project.o (daisy::Switch::Init(dsy_gpio_pin, float))
../../libdaisy//build/libdaisy.a(usb.o)
                              build/semester_project.o (daisy::UsbHandle::Init(daisy::UsbHandle::UsbPeriph))
../../libdaisy//build/libdaisy.a(usb_midi.o)
                              build/semester_project.o (daisy::MidiUsbTransport::Init(daisy::MidiUsbTransport::Config))
../../libdaisy//build/libdaisy.a(adc.o)
                              build/semester_project.o (daisy::AdcChannelConfig::InitSingle(dsy_gpio_pin))
../../libdaisy//build/libdaisy.a(gpio.o)
                              build/semester_project.o (dsy_gpio_init)
../../libdaisy//build/libdaisy.a(i2c.o)
                              build/semester_project.o (daisy::I2CHandle::Init(daisy::I2CHandle::Config const&))
../../libdaisy//build/libdaisy.a(qspi.o)
                              ../../libdaisy//build/libdaisy.a(daisy_seed.o) (daisy::QSPIHandle::Init(daisy::QSPIHandle::Config const&))
../../libdaisy//build/libdaisy.a(sai.o)
                              ../../libdaisy//build/libdaisy.a(daisy_seed.o) (daisy::SaiHandle::Init(daisy::SaiHandle::Config const&))
../../libdaisy//build/libdaisy.a(spi.o)
                              build/semester_project.o (daisy::SpiHandle::Init(daisy::SpiHandle::Config const&))
../../libdaisy//build/libdaisy.a(system.o)
                              ../../libdaisy//build/libdaisy.a(daisy_seed.o) (daisy::System::DeInit())
../../libdaisy//build/libdaisy.a(system_stm32h7xx.o)
                              build/startup_stm32h750xx.o (SystemInit)
../../libdaisy//build/libdaisy.a(FullScreenItemMenu.o)
                              build/semester_project.o (daisy::FullScreenItemMenu::Init(daisy::AbstractMenu::ItemConfig const*, unsigned short, daisy::AbstractMenu::Orientation, bool))
../../libdaisy//build/libdaisy.a(UI.o)
                              build/semester_project.o (daisy::UI::UI())
../../libdaisy//build/libdaisy.a(usbd_cdc_if.o)
                              ../../libdaisy//build/libdaisy.a(usb.o) (CDC_Transmit_FS)
../../libdaisy//build/libdaisy.a(usbd_conf.o)
                              ../../libdaisy//build/libdaisy.a(usb.o) (hpcd_USB_OTG_HS)
../../libdaisy//build/libdaisy.a(usbd_desc.o)
                              ../../libdaisy//build/libdaisy.a(usb.o) (HS_Desc)
../../libdaisy//build/libdaisy.a(MappedValue.o)
                              build/semester_project.o (daisy::MappedFloatValue::MappedFloatValue(float, float, float, daisy::MappedFloatValue::Mapping, char const*, unsigned char, bool))
../../libdaisy//build/libdaisy.a(hal_map.o)
                              ../../libdaisy//build/libdaisy.a(gpio.o) (dsy_hal_map_get_port)
../../libdaisy//build/libdaisy.a(oled_fonts.o)
                              ../../libdaisy//build/libdaisy.a(FullScreenItemMenu.o) (Font_11x18)
../../libdaisy//build/libdaisy.a(stm32h7xx_hal.o)
                              ../../libdaisy//build/libdaisy.a(system.o) (HAL_Init)
../../libdaisy//build/libdaisy.a(stm32h7xx_hal_adc.o)
                              ../../libdaisy//build/libdaisy.a(adc.o) (HAL_ADC_ConfigChannel)
../../libdaisy//build/libdaisy.a(stm32h7xx_hal_adc_ex.o)
                              ../../libdaisy//build/libdaisy.a(adc.o) (HAL_ADCEx_Calibration_Start)
../../libdaisy//build/libdaisy.a(stm32h7xx_hal_cortex.o)
                              ../../libdaisy//build/libdaisy.a(stm32h7xx_hal.o) (HAL_NVIC_SetPriorityGrouping)
../../libdaisy//build/libdaisy.a(stm32h7xx_hal_dma.o)
                              ../../libdaisy//build/libdaisy.a(adc.o) (HAL_DMA_Init)
../../libdaisy//build/libdaisy.a(stm32h7xx_hal_gpio.o)
                              ../../libdaisy//build/libdaisy.a(sdram.o) (HAL_GPIO_Init)
../../libdaisy//build/libdaisy.a(stm32h7xx_hal_i2c.o)
[...]
Memory Configuration

Name             Origin             Length             Attributes
FLASH            0x0000000008000000 0x0000000000020000 xr
DTCMRAM          0x0000000020000000 0x0000000000020000 xrw
SRAM             0x0000000024000000 0x0000000000080000 xrw
RAM_D2           0x0000000030000000 0x0000000000048000 xrw
RAM_D3           0x0000000038000000 0x0000000000010000 xrw
ITCMRAM          0x0000000000000000 0x0000000000010000 xrw
SDRAM            0x00000000c0000000 0x0000000004000000 xrw
QSPIFLASH        0x0000000090000000 0x0000000000800000 xr
*default*        0x0000000000000000 0xffffffffffffffff

Linker script and memory map

LOAD /Applications/ARM/bin/../lib/gcc/arm-none-eabi/10.3.1/thumb/v7e-m+dp/hard/crti.o
LOAD /Applications/ARM/bin/../lib/gcc/arm-none-eabi/10.3.1/thumb/v7e-m+dp/hard/crtbegin.o
LOAD /Applications/ARM/bin/../lib/gcc/arm-none-eabi/10.3.1/../../../../arm-none-eabi/lib/thumb/v7e-m+dp/hard/crt0.o
LOAD build/startup_stm32h750xx.o
LOAD build/semester_project.o
LOAD ../../libdaisy//build/libdaisy.a
LOAD /Applications/ARM/bin/../lib/gcc/arm-none-eabi/10.3.1/../../../../arm-none-eabi/lib/thumb/v7e-m+dp/hard/libnosys.a
LOAD ../../daisysp//build/libdaisysp.a
LOAD /Applications/ARM/bin/../lib/gcc/arm-none-eabi/10.3.1/../../../../arm-none-eabi/lib/thumb/v7e-m+dp/hard/libstdc++_nano.a
LOAD /Applications/ARM/bin/../lib/gcc/arm-none-eabi/10.3.1/../../../../arm-none-eabi/lib/thumb/v7e-m+dp/hard/libm.a
LOAD /Applications/ARM/bin/../lib/gcc/arm-none-eabi/10.3.1/../../../../arm-none-eabi/lib/thumb/v7e-m+dp/hard/libc_nano.a
START GROUP
LOAD /Applications/ARM/bin/../lib/gcc/arm-none-eabi/10.3.1/thumb/v7e-m+dp/hard/libgcc.a
LOAD /Applications/ARM/bin/../lib/gcc/arm-none-eabi/10.3.1/../../../../arm-none-eabi/lib/thumb/v7e-m+dp/hard/libc_nano.a
END GROUP
START GROUP
LOAD /Applications/ARM/bin/../lib/gcc/arm-none-eabi/10.3.1/thumb/v7e-m+dp/hard/libgcc.a
LOAD /Applications/ARM/bin/../lib/gcc/arm-none-eabi/10.3.1/../../../../arm-none-eabi/lib/thumb/v7e-m+dp/hard/libc_nano.a
LOAD /Applications/ARM/bin/../lib/gcc/arm-none-eabi/10.3.1/../../../../arm-none-eabi/lib/thumb/v7e-m+dp/hard/libnosys.a
END GROUP
START GROUP
LOAD /Applications/ARM/bin/../lib/gcc/arm-none-eabi/10.3.1/thumb/v7e-m+dp/hard/libgcc.a
LOAD /Applications/ARM/bin/../lib/gcc/arm-none-eabi/10.3.1/../../../../arm-none-eabi/lib/thumb/v7e-m+dp/hard/libc_nano.a
LOAD /Applications/ARM/bin/../lib/gcc/arm-none-eabi/10.3.1/../../../../arm-none-eabi/lib/thumb/v7e-m+dp/hard/libnosys.a
END GROUP
LOAD /Applications/ARM/bin/../lib/gcc/arm-none-eabi/10.3.1/thumb/v7e-m+dp/hard/crtend.o
LOAD /Applications/ARM/bin/../lib/gcc/arm-none-eabi/10.3.1/thumb/v7e-m+dp/hard/crtn.o
                0x0000000020020000                _estack = 0x20020000

.isr_vector     0x0000000008000000      0x298
                0x0000000008000000                . = ALIGN (0x4)
 *(.isr_vector)
 .isr_vector    0x0000000008000000      0x298 build/startup_stm32h750xx.o
                0x0000000008000000                g_pfnVectors
                0x0000000008000298                . = ALIGN (0x4)

.text           0x00000000080002a0    0x1ace0
                0x00000000080002a0                . = ALIGN (0x4)
                0x00000000080002a0                _stext = .
 *(.text)
 .text          0x00000000080002a0       0x40 /Applications/ARM/bin/../lib/gcc/arm-none-eabi/10.3.1/thumb/v7e-m+dp/hard/crtbegin.o
 .text          0x00000000080002e0       0x14 /Applications/ARM/bin/../lib/gcc/arm-none-eabi/10.3.1/../../../../arm-none-eabi/lib/thumb/v7e-m+dp/hard/libc_nano.a(lib_a-strcmp.o)
                0x00000000080002e0                strcmp
 *fill*         0x00000000080002f4        0xc 
 .text          0x0000000008000300       0xa0 /Applications/ARM/bin/../lib/gcc/arm-none-eabi/10.3.1/../../../../arm-none-eabi/lib/thumb/v7e-m+dp/hard/libc_nano.a(lib_a-memchr.o)
                0x0000000008000300                memchr
 .text          0x00000000080003a0      0x378 /Applications/ARM/bin/../lib/gcc/arm-none-eabi/10.3.1/thumb/v7e-m+dp/hard/libgcc.a(_arm_addsubdf3.o)
                0x00000000080003a0                __aeabi_drsub
                0x00000000080003a8                __subdf3
                0x00000000080003a8                __aeabi_dsub
                0x00000000080003ac                __aeabi_dadd
                0x00000000080003ac                __adddf3
                0x0000000008000624                __aeabi_ui2d
                0x0000000008000624                __floatunsidf
                0x0000000008000644                __floatsidf
                0x0000000008000644                __aeabi_i2d
                0x0000000008000668                __extendsfdf2
                0x0000000008000668                __aeabi_f2d
                0x00000000080006ac                __aeabi_ul2d
                0x00000000080006ac                __floatundidf
                0x00000000080006bc                __aeabi_l2d
                0x00000000080006bc                __floatdidf
 *(.text*)
 .text.Default_Handler
                0x0000000008000718        0x4 build/startup_stm32h750xx.o
                0x0000000008000718                SAI1_IRQHandler
                0x0000000008000718                HASH_RNG_IRQHandler
                0x0000000008000718                EXTI2_IRQHandler
                0x0000000008000718                TIM8_CC_IRQHandler
                0x0000000008000718                HRTIM1_Master_IRQHandler
                0x0000000008000718                DebugMon_Handler
                0x0000000008000718                UART8_IRQHandler
                0x0000000008000718                SPI4_IRQHandler
                0x0000000008000718                TIM1_CC_IRQHandler
                0x0000000008000718                BDMA_Channel6_IRQHandler
                0x0000000008000718                DMA2_Stream5_IRQHandler
                0x0000000008000718                HRTIM1_FLT_IRQHandler
                0x0000000008000718                JPEG_IRQHandler
                0x0000000008000718                DMA1_Stream5_IRQHandler
                0x0000000008000718                BDMA_Channel1_IRQHandler
                0x0000000008000718                HRTIM1_TIMD_IRQHandler
                0x0000000008000718                TAMP_STAMP_IRQHandler
                0x0000000008000718                PendSV_Handler
                0x0000000008000718                NMI_Handler
                0x0000000008000718                EXTI3_IRQHandler
                0x0000000008000718                LPTIM4_IRQHandler
                0x0000000008000718                TIM8_TRG_COM_TIM14_IRQHandler
                0x0000000008000718                LPTIM2_IRQHandler
                0x0000000008000718                DFSDM1_FLT1_IRQHandler
                0x0000000008000718                DMAMUX2_OVR_IRQHandler
                0x0000000008000718                TIM8_UP_TIM13_IRQHandler
                0x0000000008000718                I2C3_ER_IRQHandler
                0x0000000008000718                DFSDM1_FLT2_IRQHandler
                0x0000000008000718                MDMA_IRQHandler
                0x0000000008000718                LPTIM3_IRQHandler
                0x0000000008000718                HSEM1_IRQHandler
                0x0000000008000718                EXTI0_IRQHandler
                0x0000000008000718                FPU_IRQHandler
                0x0000000008000718                OTG_HS_WKUP_IRQHandler
                0x0000000008000718                FDCAN1_IT1_IRQHandler
                0x0000000008000718                UsageFault_Handler
                0x0000000008000718                LTDC_ER_IRQHandler
                0x0000000008000718                DMA2_Stream2_IRQHandler
                0x0000000008000718                HRTIM1_TIME_IRQHandler
                0x0000000008000718                TIM6_DAC_IRQHandler
                0x0000000008000718                DCMI_IRQHandler
                0x0000000008000718                HRTIM1_TIMC_IRQHandler
                0x0000000008000718                DMA2_Stream3_IRQHandler
                0x0000000008000718                SAI2_IRQHandler
                0x0000000008000718                DFSDM1_FLT3_IRQHandler
                0x0000000008000718                USART6_IRQHandler
                0x0000000008000718                TIM17_IRQHandler
                0x0000000008000718                USART3_IRQHandler
                0x0000000008000718                CRYP_IRQHandler
                0x0000000008000718                BDMA_Channel7_IRQHandler
                0x0000000008000718                LPTIM5_IRQHandler
                0x0000000008000718                UART5_IRQHandler
                0x0000000008000718                ADC3_IRQHandler
                0x0000000008000718                DMA2_Stream0_IRQHandler
                0x0000000008000718                TIM4_IRQHandler
                0x0000000008000718                BDMA_Channel2_IRQHandler
                0x0000000008000718                DMAMUX1_OVR_IRQHandler
                0x0000000008000718                TIM16_IRQHandler
                0x0000000008000718                UART4_IRQHandler
                0x0000000008000718                BDMA_Channel5_IRQHandler
                0x0000000008000718                TIM3_IRQHandler
                0x0000000008000718                RCC_IRQHandler
                0x0000000008000718                TIM8_BRK_TIM12_IRQHandler
                0x0000000008000718                TIM1_TRG_COM_IRQHandler
                0x0000000008000718                Default_Handler
                0x0000000008000718                ECC_IRQHandler
                0x0000000008000718                CEC_IRQHandler
                0x0000000008000718                EXTI15_10_IRQHandler
                0x0000000008000718                BDMA_Channel0_IRQHandler
                0x0000000008000718                ADC_IRQHandler
                0x0000000008000718                HRTIM1_TIMA_IRQHandler
                0x0000000008000718                SPI5_IRQHandler
                0x0000000008000718                TIM7_IRQHandler
                0x0000000008000718                SDMMC1_IRQHandler
                0x0000000008000718                TIM5_IRQHandler
                0x0000000008000718                DMA2_Stream7_IRQHandler
                0x0000000008000718                TIM15_IRQHandler
                0x0000000008000718                PVD_AVD_IRQHandler
                0x0000000008000718                EXTI9_5_IRQHandler
                0x0000000008000718                RTC_WKUP_IRQHandler
                0x0000000008000718                LTDC_IRQHandler
                0x0000000008000718                SAI3_IRQHandler
                0x0000000008000718                ETH_WKUP_IRQHandler
                0x0000000008000718                SPDIF_RX_IRQHandler
                0x0000000008000718                SPI2_IRQHandler
                0x0000000008000718                MemManage_Handler
                0x0000000008000718                SVC_Handler
                0x0000000008000718                CRS_IRQHandler
                0x0000000008000718                EXTI4_IRQHandler
                0x0000000008000718                HRTIM1_TIMB_IRQHandler
                0x0000000008000718                FDCAN2_IT1_IRQHandler
                0x0000000008000718                ETH_IRQHandler
                0x0000000008000718                TIM1_UP_IRQHandler
                0x0000000008000718                BDMA_Channel4_IRQHandler
                0x0000000008000718                WWDG_IRQHandler
                0x0000000008000718                SPI6_IRQHandler
                0x0000000008000718                I2C4_EV_IRQHandler
                0x0000000008000718                MDIOS_IRQHandler
                0x0000000008000718                FDCAN2_IT0_IRQHandler
                0x0000000008000718                LPUART1_IRQHandler
                0x0000000008000718                FDCAN1_IT0_IRQHandler
                0x0000000008000718                TIM2_IRQHandler
                0x0000000008000718                OTG_FS_WKUP_IRQHandler
                0x0000000008000718                DMA2D_IRQHandler
                0x0000000008000718                TIM1_BRK_IRQHandler
                0x0000000008000718                EXTI1_IRQHandler
                0x0000000008000718                SDMMC2_IRQHandler
                0x0000000008000718                BDMA_Channel3_IRQHandler
                0x0000000008000718                UART7_IRQHandler
                0x0000000008000718                MDIOS_WKUP_IRQHandler
                0x0000000008000718                USART2_IRQHandler
                0x0000000008000718                DFSDM1_FLT0_IRQHandler
                0x0000000008000718                SAI4_IRQHandler
                0x0000000008000718                I2C2_ER_IRQHandler
                0x0000000008000718                DMA2_Stream1_IRQHandler
                0x0000000008000718                FLASH_IRQHandler
                0x0000000008000718                DMA2_Stream4_IRQHandler
                0x0000000008000718                BusFault_Handler
                0x0000000008000718                USART1_IRQHandler
                0x0000000008000718                SPI3_IRQHandler
                0x0000000008000718                WAKEUP_PIN_IRQHandler
                0x0000000008000718                I2C1_ER_IRQHandler
                0x0000000008000718                FMC_IRQHandler
                0x0000000008000718                FDCAN_CAL_IRQHandler
                0x0000000008000718                SWPMI1_IRQHandler
                0x0000000008000718                COMP1_IRQHandler
                0x0000000008000718                LPTIM1_IRQHandler
                0x0000000008000718                I2C4_ER_IRQHandler
                0x0000000008000718                DMA2_Stream6_IRQHandler
                0x0000000008000718                RTC_Alarm_IRQHandler
 .text.Reset_Handler
                0x000000000800071c       0x44 build/startup_stm32h750xx.o
                0x000000000800071c                Reset_Handler
 .text._ZN5daisy6SwitchD2Ev
                0x0000000008000760        0x4 build/semester_project.o
                0x0000000008000760                daisy::Switch::~Switch()
                0x0000000008000760                daisy::Switch::~Switch()
 .text._ZN5daisy7EncoderD2Ev
                0x0000000008000764        0x4 build/semester_project.o
                0x0000000008000764                daisy::Encoder::~Encoder()
                0x0000000008000764                daisy::Encoder::~Encoder()
 .text._ZN5daisy12UiEventQueueD2Ev
                0x0000000008000768        0x4 build/semester_project.o
                0x0000000008000768                daisy::UiEventQueue::~UiEventQueue()
                0x0000000008000768                daisy::UiEventQueue::~UiEventQueue()
 .text._ZN5daisy16MappedFloatValueD2Ev
                0x000000000800076c        0x4 build/semester_project.o
                0x000000000800076c                daisy::MappedFloatValue::~MappedFloatValue()
                0x000000000800076c                daisy::MappedFloatValue::~MappedFloatValue()
 .text._ZN5daisy21MappedStringListValueD2Ev
                0x0000000008000770        0x4 build/semester_project.o
                0x0000000008000770                daisy::MappedStringListValue::~MappedStringListValue()
                0x0000000008000770                daisy::MappedStringListValue::~MappedStringListValue()
 .text._ZN5daisy9DaisySeedD2Ev
                0x0000000008000774        0x4 build/semester_project.o
                0x0000000008000774                daisy::DaisySeed::~DaisySeed()
                0x0000000008000774                daisy::DaisySeed::~DaisySeed()
 .text._ZN7daisysp10OscillatorD2Ev
                0x0000000008000778        0x4 build/semester_project.o
                0x0000000008000778                daisysp::Oscillator::~Oscillator()
                0x0000000008000778                daisysp::Oscillator::~Oscillator()
 .text._ZN7daisysp6ChorusD2Ev
                0x000000000800077c        0x4 build/semester_project.o
                0x000000000800077c                daisysp::Chorus::~Chorus()
                0x000000000800077c                daisysp::Chorus::~Chorus()
 .text._ZN7daisysp9OverdriveD2Ev
                0x0000000008000780        0x4 build/semester_project.o
                0x0000000008000780                daisysp::Overdrive::~Overdrive()
                0x0000000008000780                daisysp::Overdrive::~Overdrive()
 .text._ZN7daisysp8ReverbScD2Ev
                0x0000000008000784        0x4 build/semester_project.o
                0x0000000008000784                daisysp::ReverbSc::~ReverbSc()
                0x0000000008000784                daisysp::ReverbSc::~ReverbSc()
 .text._ZN7daisysp10MoogLadderD2Ev
                0x0000000008000788        0x4 build/semester_project.o
                0x0000000008000788                daisysp::MoogLadder::~MoogLadder()
                0x0000000008000788                daisysp::MoogLadder::~MoogLadder()
 .text._ZN5daisy11OledDisplayINS_13SSD130xDriverILj128ELj64ENS_24SSD130x4WireSpiTransportEEEE4FillEb
                0x000000000800078c       0x10 build/semester_project.o
                0x000000000800078c                daisy::OledDisplay<daisy::SSD130xDriver<128u, 64u, daisy::SSD130x4WireSpiTransport> >::Fill(bool)
 .text._ZN5daisy18FullScreenItemMenuD2Ev
                0x000000000800079c        0x4 build/semester_project.o
                0x000000000800079c                daisy::FullScreenItemMenu::~FullScreenItemMenu()
                0x000000000800079c                daisy::FullScreenItemMenu::~FullScreenItemMenu()
 .text._ZN5daisy11OledDisplayINS_13SSD130xDriverILj128ELj64ENS_24SSD130x4WireSpiTransportEEEED2Ev
                0x00000000080007a0        0x4 build/semester_project.o
                0x00000000080007a0                daisy::OledDisplay<daisy::SSD130xDriver<128u, 64u, daisy::SSD130x4WireSpiTransport> >::~OledDisplay()
                0x00000000080007a0                daisy::OledDisplay<daisy::SSD130xDriver<128u, 64u, daisy::SSD130x4WireSpiTransport> >::~OledDisplay()
 .text._ZNK5daisy11OledDisplayINS_13SSD130xDriverILj128ELj64ENS_24SSD130x4WireSpiTransportEEEE6HeightEv
                0x00000000080007a4        0x4 build/semester_project.o
                0x00000000080007a4                daisy::OledDisplay<daisy::SSD130xDriver<128u, 64u, daisy::SSD130x4WireSpiTransport> >::Height() const
 .text._ZNK5daisy11OledDisplayINS_13SSD130xDriverILj128ELj64ENS_24SSD130x4WireSpiTransportEEEE5WidthEv
                0x00000000080007a8        0x4 build/semester_project.o
                0x00000000080007a8                daisy::OledDisplay<daisy::SSD130xDriver<128u, 64u, daisy::SSD130x4WireSpiTransport> >::Width() const
 .text._ZN5daisy11MidiHandlerINS_16MidiUsbTransportEED2Ev
                0x00000000080007ac        0x4 build/semester_project.o
                0x00000000080007ac                daisy::MidiHandler<daisy::MidiUsbTransport>::~MidiHandler()
                0x00000000080007ac                daisy::MidiHandler<daisy::MidiUsbTransport>::~MidiHandler()
 .text._ZN12VoiceManagerILj16EED2Ev
                0x00000000080007b0        0x4 build/semester_project.o
                0x00000000080007b0                VoiceManager<16u>::~VoiceManager()
                0x00000000080007b0                VoiceManager<16u>::~VoiceManager()
 .text._ZN5daisy11OledDisplayINS_13SSD130xDriverILj128ELj64ENS_24SSD130x4WireSpiTransportEEEED0Ev
                0x00000000080007b4       0x10 build/semester_project.o
                0x00000000080007b4                daisy::OledDisplay<daisy::SSD130xDriver<128u, 64u, daisy::SSD130x4WireSpiTransport> >::~OledDisplay()
 .text._Z11ClearCanvasRKN5daisy18UiCanvasDescriptorE
                0x00000000080007c4       0x24 build/semester_project.o
                0x00000000080007c4                ClearCanvas(daisy::UiCanvasDescriptor const&)
 .text._ZN5daisy11OledDisplayINS_13SSD130xDriverILj128ELj64ENS_24SSD130x4WireSpiTransportEEEE6UpdateEv
                0x00000000080007e8       0x8c build/semester_project.o
                0x00000000080007e8                daisy::OledDisplay<daisy::SSD130xDriver<128u, 64u, daisy::SSD130x4WireSpiTransport> >::Update()
 .text._Z11FlushCanvasRKN5daisy18UiCanvasDescriptorE
                0x0000000008000874       0xa4 build/semester_project.o
                0x0000000008000874                FlushCanvas(daisy::UiCanvasDescriptor const&)
 .text._ZN5daisy25OneBitGraphicsDisplayImplINS_11OledDisplayINS_13SSD130xDriverILj128ELj64ENS_24SSD130x4WireSpiTransportEEEEEE11WriteStringEPKc7FontDefb
                0x0000000008000918      0x1c0 build/semester_project.o
                0x0000000008000918                daisy::OneBitGraphicsDisplayImpl<daisy::OledDisplay<daisy::SSD130xDriver<128u, 64u, daisy::SSD130x4WireSpiTransport> > >::WriteString(char const*, FontDef, bool)
 .text._ZN5daisy25OneBitGraphicsDisplayImplINS_11OledDisplayINS_13SSD130xDriverILj128ELj64ENS_24SSD130x4WireSpiTransportEEEEEE9WriteCharEc7FontDefb
                0x0000000008000ad8      0x1a0 build/semester_project.o
                0x0000000008000ad8                daisy::OneBitGraphicsDisplayImpl<daisy::OledDisplay<daisy::SSD130xDriver<128u, 64u, daisy::SSD130x4WireSpiTransport> > >::WriteChar(char, FontDef, bool)
 .text._ZN5daisy25OneBitGraphicsDisplayImplINS_11OledDisplayINS_13SSD130xDriverILj128ELj64ENS_24SSD130x4WireSpiTransportEEEEEE18WriteStringAlignedEPKcRK7FontDefNS_9RectangleENS_9AlignmentEb
                0x0000000008000c78      0x3ec build/semester_project.o
                0x0000000008000c78                daisy::OneBitGraphicsDisplayImpl<daisy::OledDisplay<daisy::SSD130xDriver<128u, 64u, daisy::SSD130x4WireSpiTransport> > >::WriteStringAligned(char const*, FontDef const&, daisy::Rectangle, daisy::Alignment, bool)
 .text._ZN5daisy11OledDisplayINS_13SSD130xDriverILj128ELj64ENS_24SSD130x4WireSpiTransportEEEE9DrawPixelEjjb
                0x0000000008001064       0x44 build/semester_project.o
                0x0000000008001064                daisy::OledDisplay<daisy::SSD130xDriver<128u, 64u, daisy::SSD130x4WireSpiTransport> >::DrawPixel(unsigned int, unsigned int, bool)
 .text._ZN5daisy25OneBitGraphicsDisplayImplINS_11OledDisplayINS_13SSD130xDriverILj128ELj64ENS_24SSD130x4WireSpiTransportEEEEEE8DrawLineEjjjjb
                0x00000000080010a8       0xfc build/semester_project.o
                0x00000000080010a8                daisy::OneBitGraphicsDisplayImpl<daisy::OledDisplay<daisy::SSD130xDriver<128u, 64u, daisy::SSD130x4WireSpiTransport> > >::DrawLine(unsigned int, unsigned int, unsigned int, unsigned int, bool)
 *fill*         0x00000000080011a4        0x4 
 .text._ZN5daisy25OneBitGraphicsDisplayImplINS_11OledDisplayINS_13SSD130xDriverILj128ELj64ENS_24SSD130x4WireSpiTransportEEEEEE7DrawArcEjjjiib
                0x00000000080011a8      0x478 build/semester_project.o
                0x00000000080011a8                daisy::OneBitGraphicsDisplayImpl<daisy::OledDisplay<daisy::SSD130xDriver<128u, 64u, daisy::SSD130x4WireSpiTransport> > >::DrawArc(unsigned int, unsigned int, unsigned int, int, int, bool)
 .text._ZN5daisy25OneBitGraphicsDisplayImplINS_11OledDisplayINS_13SSD130xDriverILj128ELj64ENS_24SSD130x4WireSpiTransportEEEEEE8DrawRectEjjjjbb
                0x0000000008001620      0x418 build/semester_project.o
                0x0000000008001620                daisy::OneBitGraphicsDisplayImpl<daisy::OledDisplay<daisy::SSD130xDriver<128u, 64u, daisy::SSD130x4WireSpiTransport> > >::DrawRect(unsigned int, unsigned int, unsigned int, unsigned int, bool, bool)
 .text._ZN5daisy16MappedFloatValueD0Ev
                0x0000000008001a38       0x10 build/semester_project.o
                0x0000000008001a38                daisy::MappedFloatValue::~MappedFloatValue()
 .text._ZN5daisy21MappedStringListValueD0Ev
                0x0000000008001a48       0x10 build/semester_project.o
                0x0000000008001a48                daisy::MappedStringListValue::~MappedStringListValue()
 .text._Z13UpdateButtonsv
                0x0000000008001a58       0x4c build/semester_project.o
                0x0000000008001a58                UpdateButtons()
 .text._Z9UpdateADCv
                0x0000000008001aa4      0xcc8 build/semester_project.o
                0x0000000008001aa4                UpdateADC()
 .text._Z16GenerateUiEventsv
                0x000000000800276c      0x28c build/semester_project.o
                0x000000000800276c                GenerateUiEvents()
 .text._Z13AudioCallbackPKfPfj
                0x00000000080029f8      0x39c build/semester_project.o
                0x00000000080029f8                AudioCallback(float const*, float*, unsigned int)
 .text._Z17HandleMidiMessageN5daisy9MidiEventE
                0x0000000008002d94      0x2a4 build/semester_project.o
                0x0000000008002d94                HandleMidiMessage(daisy::MidiEvent)
 .text._Z11InitUiPagesv
                0x0000000008003038      0x750 build/semester_project.o
                0x0000000008003038                InitUiPages()
 .text._Z9InitTrillv
                0x0000000008003788       0x2c build/semester_project.o
                0x0000000008003788                InitTrill()
 .text._Z11UpdateTrillv
                0x00000000080037b4       0x54 build/semester_project.o
                0x00000000080037b4                UpdateTrill()
 .text._ZN5daisy13SSD130xDriverILj128ELj64ENS_24SSD130x4WireSpiTransportEE4InitENS2_6ConfigE
                0x0000000008003808      0x2d4 build/semester_project.o
                0x0000000008003808                daisy::SSD130xDriver<128u, 64u, daisy::SSD130x4WireSpiTransport>::Init(daisy::SSD130xDriver<128u, 64u, daisy::SSD130x4WireSpiTransport>::Config)
 .text._Z11InitDisplayv
                0x0000000008003adc       0x30 build/semester_project.o
                0x0000000008003adc                InitDisplay()
 .text._ZN5daisy11MidiHandlerINS_16MidiUsbTransportEE5ParseEh
                0x0000000008003b0c      0x2a0 build/semester_project.o
                0x0000000008003b0c                daisy::MidiHandler<daisy::MidiUsbTransport>::Parse(unsigned char)
 .text.startup.main
                0x0000000008003dac      0x408 build/semester_project.o
                0x0000000008003dac                main
 .text._ZN5daisy18FullScreenItemMenuD0Ev
                0x00000000080041b4       0x10 build/semester_project.o
                0x00000000080041b4                daisy::FullScreenItemMenu::~FullScreenItemMenu()
 .text.startup._GLOBAL__sub_I_hw
                0x00000000080041c4      0x900 build/semester_project.o
 .text._ZN5daisy9DaisySeed9ConfigureEv
                0x0000000008004ac4       0x3c ../../libdaisy//build/libdaisy.a(daisy_seed.o)
                0x0000000008004ac4                daisy::DaisySeed::Configure()
 .text._ZN5daisy9DaisySeed6GetPinEh
                0x0000000008004b00       0x2c ../../libdaisy//build/libdaisy.a(daisy_seed.o)
                0x0000000008004b00                daisy::DaisySeed::GetPin(unsigned char)
 .text._ZN5daisy9DaisySeed10StartAudioEPFvPKfPfjE
                0x0000000008004b2c        0x8 ../../libdaisy//build/libdaisy.a(daisy_seed.o)
                0x0000000008004b2c                daisy::DaisySeed::StartAudio(void (*)(float const*, float*, unsigned int))
 .text._ZN5daisy9DaisySeed15AudioSampleRateEv
                0x0000000008004b34        0x8 ../../libdaisy//build/libdaisy.a(daisy_seed.o)
                0x0000000008004b34                daisy::DaisySeed::AudioSampleRate()
 .text._ZN5daisy9DaisySeed14ConfigureAudioEv
                0x0000000008004b3c       0xd0 ../../libdaisy//build/libdaisy.a(daisy_seed.o)
                0x0000000008004b3c                daisy::DaisySeed::ConfigureAudio()
 .text._ZN5daisy9DaisySeed4InitEb
                0x0000000008004c0c       0xbc ../../libdaisy//build/libdaisy.a(daisy_seed.o)
                0x0000000008004c0c                daisy::DaisySeed::Init(bool)
 .text._ZN5daisy6Ak45564InitE12dsy_gpio_pin
                0x0000000008004cc8       0x44 ../../libdaisy//build/libdaisy.a(codec_ak4556.o)
                0x0000000008004cc8                daisy::Ak4556::Init(dsy_gpio_pin)
 .text._ZN5daisy6Wm873120WriteControlRegisterEht
                0x0000000008004d0c       0x3c ../../libdaisy//build/libdaisy.a(codec_wm8731.o)
                0x0000000008004d0c                daisy::Wm8731::WriteControlRegister(unsigned char, unsigned short)
 .text._ZN5daisy6Wm87314InitERKNS0_6ConfigENS_9I2CHandleE
                0x0000000008004d48      0x1bc ../../libdaisy//build/libdaisy.a(codec_wm8731.o)
                0x0000000008004d48                daisy::Wm8731::Init(daisy::Wm8731::Config const&, daisy::I2CHandle)
 .text._ZN11SdramHandle10DeviceInitEv
                0x0000000008004f04       0x98 ../../libdaisy//build/libdaisy.a(sdram.o)
                0x0000000008004f04                SdramHandle::DeviceInit()
 .text._ZN11SdramHandle4InitEv
                0x0000000008004f9c       0x7c ../../libdaisy//build/libdaisy.a(sdram.o)
                0x0000000008004f9c                SdramHandle::Init()
 .text.HAL_SDRAM_MspInit
                0x0000000008005018      0x1a8 ../../libdaisy//build/libdaisy.a(sdram.o)
                0x0000000008005018                HAL_SDRAM_MspInit
 .text._ZN5daisy11AudioHandle4Impl16InternalCallbackEPlS2_j
                0x00000000080051c0      0xbbc ../../libdaisy//build/libdaisy.a(audio.o)
                0x00000000080051c0                daisy::AudioHandle::Impl::InternalCallback(long*, long*, unsigned int)
 .text._ZN5daisy11AudioHandle4InitERKNS0_6ConfigENS_9SaiHandleE
                0x0000000008005d7c       0x64 ../../libdaisy//build/libdaisy.a(audio.o)
                0x0000000008005d7c                daisy::AudioHandle::Init(daisy::AudioHandle::Config const&, daisy::SaiHandle)
 .text._ZNK5daisy11AudioHandle9GetConfigEv
                0x0000000008005de0        0x8 ../../libdaisy//build/libdaisy.a(audio.o)
                0x0000000008005de0                daisy::AudioHandle::GetConfig() const
 .text._ZN5daisy11AudioHandle13GetSampleRateEv
                0x0000000008005de8        0x8 ../../libdaisy//build/libdaisy.a(audio.o)
                0x0000000008005de8                daisy::AudioHandle::GetSampleRate()
 .text._ZN5daisy11AudioHandle5StartEPFvPKfPfjE
                0x0000000008005df0       0x2c ../../libdaisy//build/libdaisy.a(audio.o)
                0x0000000008005df0                daisy::AudioHandle::Start(void (*)(float const*, float*, unsigned int))
 .text.startup._GLOBAL__sub_I__ZN5daisy11AudioHandle4Impl4InitENS0_6ConfigENS_9SaiHandleE
                0x0000000008005e1c       0x10 ../../libdaisy//build/libdaisy.a(audio.o)
 .text._ZN5daisy7Encoder4InitE12dsy_gpio_pinS1_S1_f
                0x0000000008005e2c       0x4c ../../libdaisy//build/libdaisy.a(encoder.o)
                0x0000000008005e2c                daisy::Encoder::Init(dsy_gpio_pin, dsy_gpio_pin, dsy_gpio_pin, float)
 .text._ZN5daisy7Encoder8DebounceEv
                0x0000000008005e78       0x60 ../../libdaisy//build/libdaisy.a(encoder.o)
                0x0000000008005e78                daisy::Encoder::Debounce()
 .text._ZN5daisy6Switch4InitE12dsy_gpio_pinf
                0x0000000008005ed8       0x3c ../../libdaisy//build/libdaisy.a(switch.o)
                0x0000000008005ed8                daisy::Switch::Init(dsy_gpio_pin, float)
 .text._ZN5daisy6Switch8DebounceEv
                0x0000000008005f14       0x4c ../../libdaisy//build/libdaisy.a(switch.o)
                0x0000000008005f14                daisy::Switch::Debounce()
 .text.DummyRxCallback
                0x0000000008005f60        0x4 ../../libdaisy//build/libdaisy.a(usb.o)
                0x0000000008005f60                DummyRxCallback
 .text._ZN5daisy9UsbHandle4InitENS0_9UsbPeriphE
                0x0000000008005f64      0x10c ../../libdaisy//build/libdaisy.a(usb.o)
                0x0000000008005f64                daisy::UsbHandle::Init(daisy::UsbHandle::UsbPeriph)
 .text._ZN5daisy9UsbHandle18SetReceiveCallbackEPFvPhPmENS0_9UsbPeriphE
                0x0000000008006070       0x38 ../../libdaisy//build/libdaisy.a(usb.o)
                0x0000000008006070                daisy::UsbHandle::SetReceiveCallback(void (*)(unsigned char*, unsigned long*), daisy::UsbHandle::UsbPeriph)
 .text.OTG_HS_EP1_OUT_IRQHandler
                0x00000000080060a8        0xc ../../libdaisy//build/libdaisy.a(usb.o)
                0x00000000080060a8                OTG_HS_EP1_OUT_IRQHandler
 .text.OTG_HS_EP1_IN_IRQHandler
                0x00000000080060b4        0xc ../../libdaisy//build/libdaisy.a(usb.o)
                0x00000000080060b4                OTG_HS_EP1_IN_IRQHandler
 .text.OTG_HS_IRQHandler
                0x00000000080060c0        0xc ../../libdaisy//build/libdaisy.a(usb.o)
                0x00000000080060c0                OTG_HS_IRQHandler
 .text.OTG_FS_EP1_OUT_IRQHandler
                0x00000000080060cc        0xc ../../libdaisy//build/libdaisy.a(usb.o)
                0x00000000080060cc                OTG_FS_EP1_OUT_IRQHandler
 .text.OTG_FS_EP1_IN_IRQHandler
                0x00000000080060d8        0xc ../../libdaisy//build/libdaisy.a(usb.o)
                0x00000000080060d8                OTG_FS_EP1_IN_IRQHandler
 .text.OTG_FS_IRQHandler
                0x00000000080060e4        0xc ../../libdaisy//build/libdaisy.a(usb.o)
                0x00000000080060e4                OTG_FS_IRQHandler
 .text._ZN5daisy16MidiUsbTransport4ImplD2Ev
                0x00000000080060f0        0x4 ../../libdaisy//build/libdaisy.a(usb_midi.o)
                0x00000000080060f0                daisy::MidiUsbTransport::Impl::~Impl()
                0x00000000080060f0                daisy::MidiUsbTransport::Impl::~Impl()
 .text._Z15ReceiveCallbackPhPm
                0x00000000080060f4       0x98 ../../libdaisy//build/libdaisy.a(usb_midi.o)
                0x00000000080060f4                ReceiveCallback(unsigned char*, unsigned long*)
 .text._ZN5daisy16MidiUsbTransport4InitENS0_6ConfigE
                0x000000000800618c       0x30 ../../libdaisy//build/libdaisy.a(usb_midi.o)
                0x000000000800618c                daisy::MidiUsbTransport::Init(daisy::MidiUsbTransport::Config)
 .text._ZN5daisy16MidiUsbTransport7StartRxEv
                0x00000000080061bc        0x8 ../../libdaisy//build/libdaisy.a(usb_midi.o)
                0x00000000080061bc                daisy::MidiUsbTransport::StartRx()
 .text._ZN5daisy16MidiUsbTransport8ReadableEv
                0x00000000080061c4       0x14 ../../libdaisy//build/libdaisy.a(usb_midi.o)
                0x00000000080061c4                daisy::MidiUsbTransport::Readable()
 .text._ZN5daisy16MidiUsbTransport2RxEv
                0x00000000080061d8       0x28 ../../libdaisy//build/libdaisy.a(usb_midi.o)
                0x00000000080061d8                daisy::MidiUsbTransport::Rx()
 .text._ZN5daisy16MidiUsbTransport8RxActiveEv
                0x0000000008006200        0x8 ../../libdaisy//build/libdaisy.a(usb_midi.o)
                0x0000000008006200                daisy::MidiUsbTransport::RxActive()
 .text._ZN5daisy16MidiUsbTransport7FlushRxEv
                0x0000000008006208        0xc ../../libdaisy//build/libdaisy.a(usb_midi.o)
                0x0000000008006208                daisy::MidiUsbTransport::FlushRx()
 .text.startup._GLOBAL__sub_I__Z15ReceiveCallbackPhPm
                0x0000000008006214       0x58 ../../libdaisy//build/libdaisy.a(usb_midi.o)
 .text._ZN5daisy16AdcChannelConfig10InitSingleE12dsy_gpio_pin
                0x000000000800626c       0x1c ../../libdaisy//build/libdaisy.a(adc.o)
                0x000000000800626c                daisy::AdcChannelConfig::InitSingle(dsy_gpio_pin)
 .text._ZN5daisy16AdcChannelConfig7InitMuxE12dsy_gpio_pinjS1_S1_S1_
                0x0000000008006288       0x5c ../../libdaisy//build/libdaisy.a(adc.o)
                0x0000000008006288                daisy::AdcChannelConfig::InitMux(dsy_gpio_pin, unsigned int, dsy_gpio_pin, dsy_gpio_pin, dsy_gpio_pin)
 .text._ZN5daisy9AdcHandle4InitEPNS_16AdcChannelConfigEjNS0_12OverSamplingE
                0x00000000080062e4      0x3c8 ../../libdaisy//build/libdaisy.a(adc.o)
                0x00000000080062e4                daisy::AdcHandle::Init(daisy::AdcChannelConfig*, unsigned int, daisy::AdcHandle::OverSampling)
 .text._ZN5daisy9AdcHandle5StartEv
                0x00000000080066ac       0x2c ../../libdaisy//build/libdaisy.a(adc.o)
                0x00000000080066ac                daisy::AdcHandle::Start()
 .text._ZNK5daisy9AdcHandle8GetFloatEh
                0x00000000080066d8       0x20 ../../libdaisy//build/libdaisy.a(adc.o)
                0x00000000080066d8                daisy::AdcHandle::GetFloat(unsigned char) const
 .text._ZNK5daisy9AdcHandle11GetMuxFloatEhh
                0x00000000080066f8       0x20 ../../libdaisy//build/libdaisy.a(adc.o)
                0x00000000080066f8                daisy::AdcHandle::GetMuxFloat(unsigned char, unsigned char) const
 .text.HAL_ADC_MspInit
                0x0000000008006718       0x98 ../../libdaisy//build/libdaisy.a(adc.o)
                0x0000000008006718                HAL_ADC_MspInit
 .text.DMA1_Stream2_IRQHandler
                0x00000000080067b0        0xc ../../libdaisy//build/libdaisy.a(adc.o)
                0x00000000080067b0                DMA1_Stream2_IRQHandler
 .text.HAL_ADC_ConvCpltCallback
                0x00000000080067bc      0x148 ../../libdaisy//build/libdaisy.a(adc.o)
                0x00000000080067bc                HAL_ADC_ConvCpltCallback
 .text.HAL_ADC_ErrorCallback
                0x0000000008006904        0x4 ../../libdaisy//build/libdaisy.a(adc.o)
                0x0000000008006904                HAL_ADC_ErrorCallback
 .text.dsy_gpio_init
                0x0000000008006908      0x1b8 ../../libdaisy//build/libdaisy.a(gpio.o)
                0x0000000008006908                dsy_gpio_init
 .text.dsy_gpio_read
                0x0000000008006ac0       0x1c ../../libdaisy//build/libdaisy.a(gpio.o)
                0x0000000008006ac0                dsy_gpio_read
 .text.dsy_gpio_write
                0x0000000008006adc       0x24 ../../libdaisy//build/libdaisy.a(gpio.o)
                0x0000000008006adc                dsy_gpio_write
 .text._ZN5daisy9I2CHandle4Impl8InitPinsEv
                0x0000000008006b00       0x58 ../../libdaisy//build/libdaisy.a(i2c.o)
                0x0000000008006b00                daisy::I2CHandle::Impl::InitPins()
 .text.HAL_I2C_MspInit
                0x0000000008006b58      0x1b4 ../../libdaisy//build/libdaisy.a(i2c.o)
                0x0000000008006b58                HAL_I2C_MspInit
 .text.dsy_i2c_global_init
                0x0000000008006d0c       0x78 ../../libdaisy//build/libdaisy.a(i2c.o)
                0x0000000008006d0c                dsy_i2c_global_init
 .text.DMA1_Stream6_IRQHandler
                0x0000000008006d84       0x34 ../../libdaisy//build/libdaisy.a(i2c.o)
                0x0000000008006d84                DMA1_Stream6_IRQHandler
 .text.I2C1_EV_IRQHandler
                0x0000000008006db8        0xc ../../libdaisy//build/libdaisy.a(i2c.o)
                0x0000000008006db8                I2C1_EV_IRQHandler
 .text.I2C2_EV_IRQHandler
                0x0000000008006dc4        0xc ../../libdaisy//build/libdaisy.a(i2c.o)
                0x0000000008006dc4                I2C2_EV_IRQHandler
 .text.I2C3_EV_IRQHandler
                0x0000000008006dd0        0xc ../../libdaisy//build/libdaisy.a(i2c.o)
                0x0000000008006dd0                I2C3_EV_IRQHandler
 .text._ZN5daisy9I2CHandle4InitERKNS0_6ConfigE
                0x0000000008006ddc      0x12c ../../libdaisy//build/libdaisy.a(i2c.o)
                0x0000000008006ddc                daisy::I2CHandle::Init(daisy::I2CHandle::Config const&)
 .text._ZN5daisy9I2CHandle16TransmitBlockingEtPhtm
                0x0000000008006f08       0x50 ../../libdaisy//build/libdaisy.a(i2c.o)
                0x0000000008006f08                daisy::I2CHandle::TransmitBlocking(unsigned short, unsigned char*, unsigned short, unsigned long)
 .text.startup._GLOBAL__sub_I__ZN5daisy9I2CHandle4Impl10GlobalInitEv
                0x0000000008006f58       0x18 ../../libdaisy//build/libdaisy.a(i2c.o)
 .text._ZN5daisy10QSPIHandle4Impl11WriteEnableEv
                0x0000000008006f70       0x8c ../../libdaisy//build/libdaisy.a(qspi.o)
                0x0000000008006f70                daisy::QSPIHandle::Impl::WriteEnable()
 *fill*         0x0000000008006ffc        0x4 
 .text._ZN5daisy10QSPIHandle4Impl17DummyCyclesConfigENS0_6Config6DeviceE
                0x0000000008007000      0x118 ../../libdaisy//build/libdaisy.a(qspi.o)
                0x0000000008007000                daisy::QSPIHandle::Impl::DummyCyclesConfig(daisy::QSPIHandle::Config::Device)
 .text._ZN5daisy10QSPIHandle4Impl10QuadEnableEv
                0x0000000008007118      0x158 ../../libdaisy//build/libdaisy.a(qspi.o)
                0x0000000008007118                daisy::QSPIHandle::Impl::QuadEnable()
 .text._ZN5daisy10QSPIHandle4InitERKNS0_6ConfigE
                0x0000000008007270      0x198 ../../libdaisy//build/libdaisy.a(qspi.o)
                0x0000000008007270                daisy::QSPIHandle::Init(daisy::QSPIHandle::Config const&)
 .text.HAL_QSPI_MspInit
                0x0000000008007408      0x11c ../../libdaisy//build/libdaisy.a(qspi.o)
                0x0000000008007408                HAL_QSPI_MspInit
 .text.HAL_QSPI_MspDeInit
                0x0000000008007524       0x54 ../../libdaisy//build/libdaisy.a(qspi.o)
                0x0000000008007524                HAL_QSPI_MspDeInit
 .text.QUADSPI_IRQHandler
                0x0000000008007578        0xc ../../libdaisy//build/libdaisy.a(qspi.o)
                0x0000000008007578                QUADSPI_IRQHandler
 .text.startup._GLOBAL__sub_I__ZN5daisy10QSPIHandle4Impl4InitERKNS0_6ConfigE
                0x0000000008007584       0x28 ../../libdaisy//build/libdaisy.a(qspi.o)
 .text._ZN5daisy9SaiHandle4Impl7InitDmaENS1_15PeripheralBlockE
                0x00000000080075ac       0xa0 ../../libdaisy//build/libdaisy.a(sai.o)
                0x00000000080075ac                daisy::SaiHandle::Impl::InitDma(daisy::SaiHandle::Impl::PeripheralBlock)
 .text._ZN5daisy9SaiHandle4Impl8InitPinsEv
                0x000000000800764c       0xa8 ../../libdaisy//build/libdaisy.a(sai.o)
                0x000000000800764c                daisy::SaiHandle::Impl::InitPins()
 .text.HAL_SAI_MspInit
                0x00000000080076f4      0x164 ../../libdaisy//build/libdaisy.a(sai.o)
                0x00000000080076f4                HAL_SAI_MspInit
 .text.DMA1_Stream0_IRQHandler
                0x0000000008007858        0xc ../../libdaisy//build/libdaisy.a(sai.o)
                0x0000000008007858                DMA1_Stream0_IRQHandler
 .text.DMA1_Stream1_IRQHandler
                0x0000000008007864        0xc ../../libdaisy//build/libdaisy.a(sai.o)
                0x0000000008007864                DMA1_Stream1_IRQHandler
 .text.DMA1_Stream3_IRQHandler
                0x0000000008007870        0xc ../../libdaisy//build/libdaisy.a(sai.o)
                0x0000000008007870                DMA1_Stream3_IRQHandler
 .text.DMA1_Stream4_IRQHandler
                0x000000000800787c        0xc ../../libdaisy//build/libdaisy.a(sai.o)
                0x000000000800787c                DMA1_Stream4_IRQHandler
 .text.HAL_SAI_RxHalfCpltCallback
                0x0000000008007888       0x78 ../../libdaisy//build/libdaisy.a(sai.o)
                0x0000000008007888                HAL_SAI_RxHalfCpltCallback
 .text.HAL_SAI_RxCpltCallback
                0x0000000008007900       0x70 ../../libdaisy//build/libdaisy.a(sai.o)
                0x0000000008007900                HAL_SAI_RxCpltCallback
 .text._ZN5daisy9SaiHandle4InitERKNS0_6ConfigE
                0x0000000008007970      0x1f0 ../../libdaisy//build/libdaisy.a(sai.o)
                0x0000000008007970                daisy::SaiHandle::Init(daisy::SaiHandle::Config const&)
 .text._ZNK5daisy9SaiHandle9GetConfigEv
                0x0000000008007b60        0x4 ../../libdaisy//build/libdaisy.a(sai.o)
                0x0000000008007b60                daisy::SaiHandle::GetConfig() const
 .text._ZN5daisy9SaiHandle8StartDmaEPlS1_jPFvS1_S1_jE
                0x0000000008007b64       0x68 ../../libdaisy//build/libdaisy.a(sai.o)
                0x0000000008007b64                daisy::SaiHandle::StartDma(long*, long*, unsigned int, void (*)(long*, long*, unsigned int))
 .text._ZN5daisy9SaiHandle13GetSampleRateEv
                0x0000000008007bcc       0x24 ../../libdaisy//build/libdaisy.a(sai.o)
                0x0000000008007bcc                daisy::SaiHandle::GetSampleRate()
 .text._ZNK5daisy9SaiHandle9GetOffsetEv
                0x0000000008007bf0        0x8 ../../libdaisy//build/libdaisy.a(sai.o)
                0x0000000008007bf0                daisy::SaiHandle::GetOffset() const
 .text._ZN5daisy9SpiHandle4Impl10StartDmaTxEPhjPFvPvNS0_6ResultEES3_
                0x0000000008007bf8       0xfc ../../libdaisy//build/libdaisy.a(spi.o)
                0x0000000008007bf8                daisy::SpiHandle::Impl::StartDmaTx(unsigned char*, unsigned int, void (*)(void*, daisy::SpiHandle::Result), void*)
 .text._ZN5daisy9SpiHandle4Impl10StartDmaRxEPhjPFvPvNS0_6ResultEES3_
                0x0000000008007cf4       0xfc ../../libdaisy//build/libdaisy.a(spi.o)
                0x0000000008007cf4                daisy::SpiHandle::Impl::StartDmaRx(unsigned char*, unsigned int, void (*)(void*, daisy::SpiHandle::Result), void*)
 .text._ZN5daisy9SpiHandle4Impl8InitPinsEv
                0x0000000008007df0      0x274 ../../libdaisy//build/libdaisy.a(spi.o)
                0x0000000008007df0                daisy::SpiHandle::Impl::InitPins()
 .text.HAL_SPI_MspInit
                0x0000000008008064      0x1a8 ../../libdaisy//build/libdaisy.a(spi.o)
                0x0000000008008064                HAL_SPI_MspInit
 .text.dsy_spi_global_init
                0x000000000800820c       0x6c ../../libdaisy//build/libdaisy.a(spi.o)
                0x000000000800820c                dsy_spi_global_init
 .text.SPI1_IRQHandler
                0x0000000008008278        0xc ../../libdaisy//build/libdaisy.a(spi.o)
                0x0000000008008278                SPI1_IRQHandler
 .text.DMA1_Stream7_IRQHandler
                0x0000000008008284       0x34 ../../libdaisy//build/libdaisy.a(spi.o)
                0x0000000008008284                DMA1_Stream7_IRQHandler
 .text.HAL_SPI_TxCpltCallback
                0x00000000080082b8       0x90 ../../libdaisy//build/libdaisy.a(spi.o)
                0x00000000080082b8                HAL_SPI_TxCpltCallback
 .text.HAL_SPI_RxCpltCallback
                0x0000000008008348       0x90 ../../libdaisy//build/libdaisy.a(spi.o)
                0x0000000008008348                HAL_SPI_RxCpltCallback
 .text.HAL_SPI_ErrorCallback
                0x00000000080083d8       0x94 ../../libdaisy//build/libdaisy.a(spi.o)
                0x00000000080083d8                HAL_SPI_ErrorCallback
 .text._ZN5daisy9SpiHandle4InitERKNS0_6ConfigE
                0x000000000800846c      0x10c ../../libdaisy//build/libdaisy.a(spi.o)
                0x000000000800846c                daisy::SpiHandle::Init(daisy::SpiHandle::Config const&)
 .text._ZN5daisy9SpiHandle16BlockingTransmitEPhjm
                0x0000000008008578       0x14 ../../libdaisy//build/libdaisy.a(spi.o)
                0x0000000008008578                daisy::SpiHandle::BlockingTransmit(unsigned char*, unsigned int, unsigned long)
 .text.startup._GLOBAL__sub_I__Z19MapInstanceToHandleP11SPI_TypeDef
                0x000000000800858c      0x168 ../../libdaisy//build/libdaisy.a(spi.o)
 .text._ZN5daisy11TimerHandleD2Ev
                0x00000000080086f4        0x4 ../../libdaisy//build/libdaisy.a(system.o)
                0x00000000080086f4                daisy::TimerHandle::~TimerHandle()
                0x00000000080086f4                daisy::TimerHandle::~TimerHandle()
 .text.SysTick_Handler
                0x00000000080086f8       0x10 ../../libdaisy//build/libdaisy.a(system.o)
                0x00000000080086f8                SysTick_Handler
 .text.HardFault_Handler
                0x0000000008008708        0x4 ../../libdaisy//build/libdaisy.a(system.o)
                0x0000000008008708                HardFault_Handler
 .text._ZN5daisy6System6GetNowEv
                0x000000000800870c        0x4 ../../libdaisy//build/libdaisy.a(system.o)
                0x000000000800870c                daisy::System::GetNow()
 .text._ZN5daisy6System5DelayEm
                0x0000000008008710        0x4 ../../libdaisy//build/libdaisy.a(system.o)
                0x0000000008008710                daisy::System::Delay(unsigned long)
 .text._ZN5daisy6System15ConfigureClocksEv
                0x0000000008008714      0x194 ../../libdaisy//build/libdaisy.a(system.o)
                0x0000000008008714                daisy::System::ConfigureClocks()
 .text._ZN5daisy6System4InitERKNS0_6ConfigE
                0x00000000080088a8      0x12c ../../libdaisy//build/libdaisy.a(system.o)
                0x00000000080088a8                daisy::System::Init(daisy::System::Config const&)
 .text._ZN5daisy6System12GetPClk1FreqEv
                0x00000000080089d4        0x4 ../../libdaisy//build/libdaisy.a(system.o)
                0x00000000080089d4                daisy::System::GetPClk1Freq()
 .text._ZN5daisy6System22GetProgramMemoryRegionEv
                0x00000000080089d8       0x78 ../../libdaisy//build/libdaisy.a(system.o)
                0x00000000080089d8                daisy::System::GetProgramMemoryRegion()
 .text.startup._GLOBAL__sub_I_SysTick_Handler
                0x0000000008008a50       0x1c ../../libdaisy//build/libdaisy.a(system.o)
 .text.SystemInit
                0x0000000008008a6c       0x9c ../../libdaisy//build/libdaisy.a(system_stm32h7xx.o)
                0x0000000008008a6c                SystemInit
 .text._ZN5daisy6UiPage8IsOpaqueERKNS_18UiCanvasDescriptorE
                0x0000000008008b08        0x4 ../../libdaisy//build/libdaisy.a(FullScreenItemMenu.o)
                0x0000000008008b08                daisy::UiPage::IsOpaque(daisy::UiCanvasDescriptor const&)
 .text._ZN5daisy6UiPage8OnButtonEthb
                0x0000000008008b0c        0x4 ../../libdaisy//build/libdaisy.a(FullScreenItemMenu.o)
                0x0000000008008b0c                daisy::UiPage::OnButton(unsigned short, unsigned char, bool)
 .text._ZN5daisy6UiPage15OnEncoderTurnedEtst
                0x0000000008008b10        0x4 ../../libdaisy//build/libdaisy.a(FullScreenItemMenu.o)
                0x0000000008008b10                daisy::UiPage::OnEncoderTurned(unsigned short, short, unsigned short)
 .text._ZN5daisy6UiPage28OnMenuEncoderActivityChangedEb
                0x0000000008008b14        0x4 ../../libdaisy//build/libdaisy.a(FullScreenItemMenu.o)
                0x0000000008008b14                daisy::UiPage::OnMenuEncoderActivityChanged(bool)
 .text._ZN5daisy6UiPage29OnValueEncoderActivityChangedEb
                0x0000000008008b18        0x4 ../../libdaisy//build/libdaisy.a(FullScreenItemMenu.o)
                0x0000000008008b18                daisy::UiPage::OnValueEncoderActivityChanged(bool)
 .text._ZN5daisy6UiPage24OnEncoderActivityChangedEtb
                0x0000000008008b1c        0x4 ../../libdaisy//build/libdaisy.a(FullScreenItemMenu.o)
                0x0000000008008b1c                daisy::UiPage::OnEncoderActivityChanged(unsigned short, bool)
 .text._ZN5daisy6UiPage10OnPotMovedEtf
                0x0000000008008b20        0x4 ../../libdaisy//build/libdaisy.a(FullScreenItemMenu.o)
                0x0000000008008b20                daisy::UiPage::OnPotMoved(unsigned short, float)
 .text._ZN5daisy6UiPage25OnValuePotActivityChangedEb
                0x0000000008008b24        0x4 ../../libdaisy//build/libdaisy.a(FullScreenItemMenu.o)
                0x0000000008008b24                daisy::UiPage::OnValuePotActivityChanged(bool)
 .text._ZN5daisy6UiPage20OnPotActivityChangedEtb
                0x0000000008008b28        0x4 ../../libdaisy//build/libdaisy.a(FullScreenItemMenu.o)
                0x0000000008008b28                daisy::UiPage::OnPotActivityChanged(unsigned short, bool)
 .text._ZN5daisy6UiPage6OnHideEv
                0x0000000008008b2c        0x4 ../../libdaisy//build/libdaisy.a(FullScreenItemMenu.o)
                0x0000000008008b2c                daisy::UiPage::OnHide()
 .text._ZN5daisy6UiPage13OnFocusGainedEv
                0x0000000008008b30        0x4 ../../libdaisy//build/libdaisy.a(FullScreenItemMenu.o)
                0x0000000008008b30                daisy::UiPage::OnFocusGained()
 .text._ZN5daisy6UiPage11OnFocusLostEv
                0x0000000008008b34        0x4 ../../libdaisy//build/libdaisy.a(FullScreenItemMenu.o)
                0x0000000008008b34                daisy::UiPage::OnFocusLost()
 .text._ZN5daisy18FullScreenItemMenu4DrawERKNS_18UiCanvasDescriptorE
                0x0000000008008b38      0x120 ../../libdaisy//build/libdaisy.a(FullScreenItemMenu.o)
                0x0000000008008b38                daisy::FullScreenItemMenu::Draw(daisy::UiCanvasDescriptor const&)
 .text._ZNK5daisy18FullScreenItemMenu15GetTopRowHeightEi
                0x0000000008008c58        0xc ../../libdaisy//build/libdaisy.a(FullScreenItemMenu.o)
                0x0000000008008c58                daisy::FullScreenItemMenu::GetTopRowHeight(int) const
 .text._ZNK5daisy18FullScreenItemMenu25DrawUDArrowsAndGetRemRectERNS_21OneBitGraphicsDisplayENS_9RectangleEbb
                0x0000000008008c64      0x1a0 ../../libdaisy//build/libdaisy.a(FullScreenItemMenu.o)
                0x0000000008008c64                daisy::FullScreenItemMenu::DrawUDArrowsAndGetRemRect(daisy::OneBitGraphicsDisplay&, daisy::Rectangle, bool, bool) const
 .text._ZNK5daisy18FullScreenItemMenu25DrawLRArrowsAndGetRemRectERNS_21OneBitGraphicsDisplayENS_9RectangleEbb
                0x0000000008008e04      0x1a8 ../../libdaisy//build/libdaisy.a(FullScreenItemMenu.o)
                0x0000000008008e04                daisy::FullScreenItemMenu::DrawLRArrowsAndGetRemRect(daisy::OneBitGraphicsDisplay&, daisy::Rectangle, bool, bool) const
 .text._ZNK5daisy18FullScreenItemMenu12GetValueFontEPKcRKNS_9RectangleE
                0x0000000008008fac       0x38 ../../libdaisy//build/libdaisy.a(FullScreenItemMenu.o)
                0x0000000008008fac                daisy::FullScreenItemMenu::GetNameFont(char const*, daisy::Rectangle const&) const
                0x0000000008008fac                daisy::FullScreenItemMenu::GetValueFont(char const*, daisy::Rectangle const&) const
 .text._ZNK5daisy18FullScreenItemMenu18DrawOpenUiPageItemERNS_21OneBitGraphicsDisplayEbttPKc
                0x0000000008008fe4       0xdc ../../libdaisy//build/libdaisy.a(FullScreenItemMenu.o)
                0x0000000008008fe4                daisy::FullScreenItemMenu::DrawOpenUiPageItem(daisy::OneBitGraphicsDisplay&, bool, unsigned short, unsigned short, char const*) const
 .text._ZNK5daisy18FullScreenItemMenu17DrawCloseMenuItemERNS_21OneBitGraphicsDisplayEbttPKc
                0x00000000080090c0       0xdc ../../libdaisy//build/libdaisy.a(FullScreenItemMenu.o)
                0x00000000080090c0                daisy::FullScreenItemMenu::DrawCloseMenuItem(daisy::OneBitGraphicsDisplay&, bool, unsigned short, unsigned short, char const*) const
 .text._ZNK5daisy18FullScreenItemMenu16DrawCheckboxItemERNS_21OneBitGraphicsDisplayEbttPKcRKb
                0x000000000800919c      0x100 ../../libdaisy//build/libdaisy.a(FullScreenItemMenu.o)
                0x000000000800919c                daisy::FullScreenItemMenu::DrawCheckboxItem(daisy::OneBitGraphicsDisplay&, bool, unsigned short, unsigned short, char const*, bool const&) const
 *fill*         0x000000000800929c        0x4 
 .text._ZNK5daisy18FullScreenItemMenu13DrawValueItemERNS_21OneBitGraphicsDisplayEbttPKcRKNS_11MappedValueEb
                0x00000000080092a0      0x114 ../../libdaisy//build/libdaisy.a(FullScreenItemMenu.o)
                0x00000000080092a0                daisy::FullScreenItemMenu::DrawValueItem(daisy::OneBitGraphicsDisplay&, bool, unsigned short, unsigned short, char const*, daisy::MappedValue const&, bool) const
 .text._ZNK5daisy18FullScreenItemMenu13DrawValueTextERNS_21OneBitGraphicsDisplayEbPKcNS_9RectangleEb
                0x00000000080093b4       0xe8 ../../libdaisy//build/libdaisy.a(FullScreenItemMenu.o)
                0x00000000080093b4                daisy::FullScreenItemMenu::DrawValueText(daisy::OneBitGraphicsDisplay&, bool, char const*, daisy::Rectangle, bool) const
 .text._ZNK5daisy18FullScreenItemMenu10DrawTopRowERNS_21OneBitGraphicsDisplayEbiiPKcNS_9RectangleEb
                0x000000000800949c       0xf0 ../../libdaisy//build/libdaisy.a(FullScreenItemMenu.o)
                0x000000000800949c                daisy::FullScreenItemMenu::DrawTopRow(daisy::OneBitGraphicsDisplay&, bool, int, int, char const*, daisy::Rectangle, bool) const
 .text._ZNK5daisy18FullScreenItemMenu12DrawTextItemERNS_21OneBitGraphicsDisplayEbttPKc
                0x000000000800958c      0x18c ../../libdaisy//build/libdaisy.a(FullScreenItemMenu.o)
                0x000000000800958c                daisy::FullScreenItemMenu::DrawTextItem(daisy::OneBitGraphicsDisplay&, bool, unsigned short, unsigned short, char const*) const
 .text._ZN5daisy18FullScreenItemMenu4InitEPKNS_12AbstractMenu10ItemConfigEtNS1_11OrientationEb
                0x0000000008009718       0x10 ../../libdaisy//build/libdaisy.a(FullScreenItemMenu.o)
                0x0000000008009718                daisy::FullScreenItemMenu::Init(daisy::AbstractMenu::ItemConfig const*, unsigned short, daisy::AbstractMenu::Orientation, bool)
 .text._ZN5daisy6UiPage12OnOkayButtonEhb
                0x0000000008009728        0x4 ../../libdaisy//build/libdaisy.a(UI.o)
                0x0000000008009728                daisy::UiPage::OnOkayButton(unsigned char, bool)
 .text._ZN5daisy6UiPage14OnCancelButtonEhb
                0x000000000800972c        0x4 ../../libdaisy//build/libdaisy.a(UI.o)
                0x000000000800972c                daisy::UiPage::OnCancelButton(unsigned char, bool)
 .text._ZN5daisy6UiPage13OnArrowButtonENS_15ArrowButtonTypeEhb
                0x0000000008009730        0x4 ../../libdaisy//build/libdaisy.a(UI.o)
                0x0000000008009730                daisy::UiPage::OnArrowButton(daisy::ArrowButtonType, unsigned char, bool)
 .text._ZN5daisy6UiPage16OnFunctionButtonEhb
                0x0000000008009734        0x4 ../../libdaisy//build/libdaisy.a(UI.o)
                0x0000000008009734                daisy::UiPage::OnFunctionButton(unsigned char, bool)
 .text._ZN5daisy6UiPage19OnMenuEncoderTurnedEst
                0x0000000008009738        0x4 ../../libdaisy//build/libdaisy.a(UI.o)
                0x0000000008009738                daisy::UiPage::OnMenuEncoderTurned(short, unsigned short)
 .text._ZN5daisy6UiPage20OnValueEncoderTurnedEst
                0x000000000800973c        0x4 ../../libdaisy//build/libdaisy.a(UI.o)
                0x000000000800973c                daisy::UiPage::OnValueEncoderTurned(short, unsigned short)
 .text._ZN5daisy6UiPage15OnValuePotMovedEf
                0x0000000008009740        0x4 ../../libdaisy//build/libdaisy.a(UI.o)
                0x0000000008009740                daisy::UiPage::OnValuePotMoved(float)
 .text._ZN5daisy6UiPage6OnShowEv
                0x0000000008009744        0x4 ../../libdaisy//build/libdaisy.a(UI.o)
                0x0000000008009744                daisy::UiPage::OnShow()
 .text._ZN5daisy2UI9ClosePageERNS_6UiPageE.part.0
                0x0000000008009748       0xac ../../libdaisy//build/libdaisy.a(UI.o)
 .text._ZN5daisy6UiPage5CloseEv
                0x00000000080097f4        0xc ../../libdaisy//build/libdaisy.a(UI.o)
                0x00000000080097f4                daisy::UiPage::Close()
 .text._ZN5daisy2UIC2Ev
                0x0000000008009800       0x38 ../../libdaisy//build/libdaisy.a(UI.o)
                0x0000000008009800                daisy::UI::UI()
                0x0000000008009800                daisy::UI::UI()
 .text._ZN5daisy2UI4InitERNS_12UiEventQueueERKNS0_17SpecialControlIdsESt16initializer_listINS_18UiCanvasDescriptorEEt
                0x0000000008009838      0x1cc ../../libdaisy//build/libdaisy.a(UI.o)
                0x0000000008009838                daisy::UI::Init(daisy::UiEventQueue&, daisy::UI::SpecialControlIds const&, std::initializer_list<daisy::UiCanvasDescriptor>, unsigned short)
 .text._ZN5daisy2UID2Ev
                0x0000000008009a04       0x2c ../../libdaisy//build/libdaisy.a(UI.o)
                0x0000000008009a04                daisy::UI::~UI()
                0x0000000008009a04                daisy::UI::~UI()
 .text._ZN5daisy2UI8OpenPageERNS_6UiPageE
                0x0000000008009a30       0x6c ../../libdaisy//build/libdaisy.a(UI.o)
                0x0000000008009a30                daisy::UI::OpenPage(daisy::UiPage&)
 .text._ZN5daisy2UI12RedrawCanvasEhm
                0x0000000008009a9c       0x7c ../../libdaisy//build/libdaisy.a(UI.o)
                0x0000000008009a9c                daisy::UI::RedrawCanvas(unsigned char, unsigned long)
 .text._ZN5daisy2UI22ForwardToButtonHandlerEthb
                0x0000000008009b18      0x1d8 ../../libdaisy//build/libdaisy.a(UI.o)
                0x0000000008009b18                daisy::UI::ForwardToButtonHandler(unsigned short, unsigned char, bool)
 .text._ZN5daisy2UI12ProcessEventERKNS_12UiEventQueue5EventE
                0x0000000008009cf0      0x218 ../../libdaisy//build/libdaisy.a(UI.o)
                0x0000000008009cf0                daisy::UI::ProcessEvent(daisy::UiEventQueue::Event const&)
 .text._ZN5daisy2UI7ProcessEv
                0x0000000008009f08      0x210 ../../libdaisy//build/libdaisy.a(UI.o)
                0x0000000008009f08                daisy::UI::Process()
 .text.dummy_rx_callback
                0x000000000800a118        0x4 ../../libdaisy//build/libdaisy.a(usbd_cdc_if.o)
                0x000000000800a118                dummy_rx_callback
 .text.CDC_DeInit_FS
                0x000000000800a11c        0x4 ../../libdaisy//build/libdaisy.a(usbd_cdc_if.o)
 .text.CDC_Receive_FS
                0x000000000800a120       0x2c ../../libdaisy//build/libdaisy.a(usbd_cdc_if.o)
 .text.CDC_Receive_HS
                0x000000000800a14c       0x2c ../../libdaisy//build/libdaisy.a(usbd_cdc_if.o)
 .text.CDC_Init_FS
                0x000000000800a178       0x3c ../../libdaisy//build/libdaisy.a(usbd_cdc_if.o)
 .text.CDC_Init_HS
                0x000000000800a1b4       0x3c ../../libdaisy//build/libdaisy.a(usbd_cdc_if.o)
 .text.CDC_Control_FS
                0x000000000800a1f0       0x34 ../../libdaisy//build/libdaisy.a(usbd_cdc_if.o)
 .text.CDC_Control_HS
                0x000000000800a224       0x34 ../../libdaisy//build/libdaisy.a(usbd_cdc_if.o)
 .text.CDC_DeInit_HS
                0x000000000800a258        0x4 ../../libdaisy//build/libdaisy.a(usbd_cdc_if.o)
 .text.CDC_Set_Rx_Callback_FS
                0x000000000800a25c        0xc ../../libdaisy//build/libdaisy.a(usbd_cdc_if.o)
                0x000000000800a25c                CDC_Set_Rx_Callback_FS
 .text.CDC_Set_Rx_Callback_HS
                0x000000000800a268        0xc ../../libdaisy//build/libdaisy.a(usbd_cdc_if.o)
                0x000000000800a268                CDC_Set_Rx_Callback_HS
 .text.HAL_PCD_MspInit
                0x000000000800a274      0x144 ../../libdaisy//build/libdaisy.a(usbd_conf.o)
                0x000000000800a274                HAL_PCD_MspInit
 .text.HAL_PCD_SetupStageCallback
                0x000000000800a3b8        0xc ../../libdaisy//build/libdaisy.a(usbd_conf.o)
                0x000000000800a3b8                HAL_PCD_SetupStageCallback
 .text.HAL_PCD_DataOutStageCallback
                0x000000000800a3c4       0x14 ../../libdaisy//build/libdaisy.a(usbd_conf.o)
                0x000000000800a3c4                HAL_PCD_DataOutStageCallback
 .text.HAL_PCD_DataInStageCallback
                0x000000000800a3d8       0x14 ../../libdaisy//build/libdaisy.a(usbd_conf.o)
                0x000000000800a3d8                HAL_PCD_DataInStageCallback
 .text.HAL_PCD_SOFCallback
                0x000000000800a3ec        0x8 ../../libdaisy//build/libdaisy.a(usbd_conf.o)
                0x000000000800a3ec                HAL_PCD_SOFCallback
 .text.HAL_PCD_ResetCallback
                0x000000000800a3f4       0x24 ../../libdaisy//build/libdaisy.a(usbd_conf.o)
                0x000000000800a3f4                HAL_PCD_ResetCallback
 .text.HAL_PCD_SuspendCallback
                0x000000000800a418       0x30 ../../libdaisy//build/libdaisy.a(usbd_conf.o)
                0x000000000800a418                HAL_PCD_SuspendCallback
 .text.HAL_PCD_ResumeCallback
                0x000000000800a448        0x8 ../../libdaisy//build/libdaisy.a(usbd_conf.o)
                0x000000000800a448                HAL_PCD_ResumeCallback
 .text.HAL_PCD_ISOOUTIncompleteCallback
                0x000000000800a450        0x8 ../../libdaisy//build/libdaisy.a(usbd_conf.o)
                0x000000000800a450                HAL_PCD_ISOOUTIncompleteCallback
 .text.HAL_PCD_ISOINIncompleteCallback
                0x000000000800a458        0x8 ../../libdaisy//build/libdaisy.a(usbd_conf.o)
                0x000000000800a458                HAL_PCD_ISOINIncompleteCallback
 .text.HAL_PCD_ConnectCallback
                0x000000000800a460        0x8 ../../libdaisy//build/libdaisy.a(usbd_conf.o)
                0x000000000800a460                HAL_PCD_ConnectCallback
 .text.HAL_PCD_DisconnectCallback
                0x000000000800a468        0x8 ../../libdaisy//build/libdaisy.a(usbd_conf.o)
                0x000000000800a468                HAL_PCD_DisconnectCallback
 .text.USBD_LL_Init
                0x000000000800a470       0xe4 ../../libdaisy//build/libdaisy.a(usbd_conf.o)
                0x000000000800a470                USBD_LL_Init
 .text.USBD_LL_Start
                0x000000000800a554       0x1c ../../libdaisy//build/libdaisy.a(usbd_conf.o)
                0x000000000800a554                USBD_LL_Start
 .text.USBD_LL_OpenEP
                0x000000000800a570       0x24 ../../libdaisy//build/libdaisy.a(usbd_conf.o)
                0x000000000800a570                USBD_LL_OpenEP
 .text.USBD_LL_CloseEP
                0x000000000800a594       0x1c ../../libdaisy//build/libdaisy.a(usbd_conf.o)
                0x000000000800a594                USBD_LL_CloseEP
 .text.USBD_LL_StallEP
                0x000000000800a5b0       0x1c ../../libdaisy//build/libdaisy.a(usbd_conf.o)
                0x000000000800a5b0                USBD_LL_StallEP
 .text.USBD_LL_ClearStallEP
                0x000000000800a5cc       0x1c ../../libdaisy//build/libdaisy.a(usbd_conf.o)
                0x000000000800a5cc                USBD_LL_ClearStallEP
 .text.USBD_LL_IsStallEP
                0x000000000800a5e8       0x28 ../../libdaisy//build/libdaisy.a(usbd_conf.o)
                0x000000000800a5e8                USBD_LL_IsStallEP
 .text.USBD_LL_SetUSBAddress
                0x000000000800a610       0x1c ../../libdaisy//build/libdaisy.a(usbd_conf.o)
                0x000000000800a610                USBD_LL_SetUSBAddress
 .text.USBD_LL_Transmit
                0x000000000800a62c       0x1c ../../libdaisy//build/libdaisy.a(usbd_conf.o)
                0x000000000800a62c                USBD_LL_Transmit
 .text.USBD_LL_PrepareReceive
                0x000000000800a648       0x1c ../../libdaisy//build/libdaisy.a(usbd_conf.o)
                0x000000000800a648                USBD_LL_PrepareReceive
 .text.USBD_LL_GetRxDataSize
                0x000000000800a664        0x8 ../../libdaisy//build/libdaisy.a(usbd_conf.o)
                0x000000000800a664                USBD_LL_GetRxDataSize
 .text.USBD_HS_DeviceDescriptor
                0x000000000800a66c        0xc ../../libdaisy//build/libdaisy.a(usbd_desc.o)
                0x000000000800a66c                USBD_HS_DeviceDescriptor
 .text.USBD_FS_DeviceDescriptor
                0x000000000800a678        0xc ../../libdaisy//build/libdaisy.a(usbd_desc.o)
                0x000000000800a678                USBD_FS_DeviceDescriptor
 .text.USBD_FS_LangIDStrDescriptor
                0x000000000800a684        0xc ../../libdaisy//build/libdaisy.a(usbd_desc.o)
                0x000000000800a684                USBD_FS_LangIDStrDescriptor
 .text.USBD_FS_ManufacturerStrDescriptor
                0x000000000800a690       0x1c ../../libdaisy//build/libdaisy.a(usbd_desc.o)
                0x000000000800a690                USBD_FS_ManufacturerStrDescriptor
 .text.USBD_HS_ProductStrDescriptor
                0x000000000800a6ac       0x1c ../../libdaisy//build/libdaisy.a(usbd_desc.o)
                0x000000000800a6ac                USBD_HS_ProductStrDescriptor
 .text.USBD_FS_ConfigStrDescriptor
                0x000000000800a6c8       0x1c ../../libdaisy//build/libdaisy.a(usbd_desc.o)
                0x000000000800a6c8                USBD_FS_ConfigStrDescriptor
 .text.USBD_FS_InterfaceStrDescriptor
                0x000000000800a6e4       0x1c ../../libdaisy//build/libdaisy.a(usbd_desc.o)
                0x000000000800a6e4                USBD_FS_InterfaceStrDescriptor
 .text.USBD_FS_ProductStrDescriptor
                0x000000000800a700       0x1c ../../libdaisy//build/libdaisy.a(usbd_desc.o)
                0x000000000800a700                USBD_FS_ProductStrDescriptor
 .text.USBD_HS_LangIDStrDescriptor
                0x000000000800a71c        0xc ../../libdaisy//build/libdaisy.a(usbd_desc.o)
                0x000000000800a71c                USBD_HS_LangIDStrDescriptor
 .text.USBD_HS_ManufacturerStrDescriptor
                0x000000000800a728       0x1c ../../libdaisy//build/libdaisy.a(usbd_desc.o)
                0x000000000800a728                USBD_HS_ManufacturerStrDescriptor
 .text.USBD_FS_SerialStrDescriptor
                0x000000000800a744      0x124 ../../libdaisy//build/libdaisy.a(usbd_desc.o)
                0x000000000800a744                USBD_FS_SerialStrDescriptor
 .text.USBD_HS_SerialStrDescriptor
                0x000000000800a868      0x124 ../../libdaisy//build/libdaisy.a(usbd_desc.o)
                0x000000000800a868                USBD_HS_SerialStrDescriptor
 .text.USBD_HS_InterfaceStrDescriptor
                0x000000000800a98c       0x1c ../../libdaisy//build/libdaisy.a(usbd_desc.o)
                0x000000000800a98c                USBD_HS_InterfaceStrDescriptor
 .text.USBD_HS_ConfigStrDescriptor
                0x000000000800a9a8       0x1c ../../libdaisy//build/libdaisy.a(usbd_desc.o)
                0x000000000800a9a8                USBD_HS_ConfigStrDescriptor
 .text._ZN5daisy16MappedFloatValue14ResetToDefaultEv
                0x000000000800a9c4        0x8 ../../libdaisy//build/libdaisy.a(MappedValue.o)
                0x000000000800a9c4                daisy::MappedFloatValue::ResetToDefault()
 .text._ZN5daisy21MappedStringListValue14ResetToDefaultEv
                0x000000000800a9cc        0x8 ../../libdaisy//build/libdaisy.a(MappedValue.o)
                0x000000000800a9cc                daisy::MappedStringListValue::ResetToDefault()
 .text._ZNK5daisy21MappedStringListValue9GetAs0to1Ev
                0x000000000800a9d4       0x1c ../../libdaisy//build/libdaisy.a(MappedValue.o)
                0x000000000800a9d4                daisy::MappedStringListValue::GetAs0to1() const
 .text._ZN5daisy21MappedStringListValue11SetFrom0to1Ef
                0x000000000800a9f0       0x28 ../../libdaisy//build/libdaisy.a(MappedValue.o)
                0x000000000800a9f0                daisy::MappedStringListValue::SetFrom0to1(float)
 .text._ZN5daisy16MappedFloatValue11SetFrom0to1Ef
                0x000000000800aa18       0xb0 ../../libdaisy//build/libdaisy.a(MappedValue.o)
                0x000000000800aa18                daisy::MappedFloatValue::SetFrom0to1(float)
 .text._ZNK5daisy16MappedFloatValue9GetAs0to1Ev
                0x000000000800aac8       0xdc ../../libdaisy//build/libdaisy.a(MappedValue.o)
                0x000000000800aac8                daisy::MappedFloatValue::GetAs0to1() const
 .text._ZN5daisy21MappedStringListValue4StepEsb
                0x000000000800aba4       0x34 ../../libdaisy//build/libdaisy.a(MappedValue.o)
                0x000000000800aba4                daisy::MappedStringListValue::Step(short, bool)
 .text._ZNK5daisy21MappedStringListValue14AppentToStringERNS_15FixedCapStrBaseIcEE
                0x000000000800abd8       0xb8 ../../libdaisy//build/libdaisy.a(MappedValue.o)
                0x000000000800abd8                daisy::MappedStringListValue::AppentToString(daisy::FixedCapStrBase<char>&) const
 .text._ZN5daisy16MappedFloatValue4StepEsb
                0x000000000800ac90      0x14c ../../libdaisy//build/libdaisy.a(MappedValue.o)
                0x000000000800ac90                daisy::MappedFloatValue::Step(short, bool)
 .text._ZNK5daisy16MappedFloatValue14AppentToStringERNS_15FixedCapStrBaseIcEE
                0x000000000800addc      0x548 ../../libdaisy//build/libdaisy.a(MappedValue.o)
                0x000000000800addc                daisy::MappedFloatValue::AppentToString(daisy::FixedCapStrBase<char>&) const
 .text._ZN5daisy16MappedFloatValueC2EfffNS0_7MappingEPKchb
                0x000000000800b324       0x28 ../../libdaisy//build/libdaisy.a(MappedValue.o)
                0x000000000800b324                daisy::MappedFloatValue::MappedFloatValue(float, float, float, daisy::MappedFloatValue::Mapping, char const*, unsigned char, bool)
                0x000000000800b324                daisy::MappedFloatValue::MappedFloatValue(float, float, float, daisy::MappedFloatValue::Mapping, char const*, unsigned char, bool)
 .text._ZN5daisy16MappedFloatValue3SetEf
                0x000000000800b34c       0x28 ../../libdaisy//build/libdaisy.a(MappedValue.o)
                0x000000000800b34c                daisy::MappedFloatValue::Set(float)
 .text._ZN5daisy21MappedStringListValueC2EPPKctm
                0x000000000800b374       0x30 ../../libdaisy//build/libdaisy.a(MappedValue.o)
                0x000000000800b374                daisy::MappedStringListValue::MappedStringListValue(char const**, unsigned short, unsigned long)
                0x000000000800b374                daisy::MappedStringListValue::MappedStringListValue(char const**, unsigned short, unsigned long)
 .text.dsy_hal_map_get_port
                0x000000000800b3a4       0x10 ../../libdaisy//build/libdaisy.a(hal_map.o)
                0x000000000800b3a4                dsy_hal_map_get_port
 .text.dsy_hal_map_get_pin
                0x000000000800b3b4       0x10 ../../libdaisy//build/libdaisy.a(hal_map.o)
                0x000000000800b3b4                dsy_hal_map_get_pin
 .text.dsy_hal_map_gpio_clk_enable
                0x000000000800b3c4      0x150 ../../libdaisy//build/libdaisy.a(hal_map.o)
                0x000000000800b3c4                dsy_hal_map_gpio_clk_enable
 .text.HAL_MspInit
                0x000000000800b514        0x4 ../../libdaisy//build/libdaisy.a(stm32h7xx_hal.o)
                0x000000000800b514                HAL_MspInit
 .text.HAL_InitTick
                0x000000000800b518       0x4c ../../libdaisy//build/libdaisy.a(stm32h7xx_hal.o)
                0x000000000800b518                HAL_InitTick
 .text.HAL_Init
                0x000000000800b564       0x60 ../../libdaisy//build/libdaisy.a(stm32h7xx_hal.o)
                0x000000000800b564                HAL_Init
 .text.HAL_IncTick
                0x000000000800b5c4       0x18 ../../libdaisy//build/libdaisy.a(stm32h7xx_hal.o)
                0x000000000800b5c4                HAL_IncTick
 .text.HAL_GetTick
                0x000000000800b5dc        0xc ../../libdaisy//build/libdaisy.a(stm32h7xx_hal.o)
                0x000000000800b5dc                HAL_GetTick
 .text.HAL_Delay
                0x000000000800b5e8       0x24 ../../libdaisy//build/libdaisy.a(stm32h7xx_hal.o)
                0x000000000800b5e8                HAL_Delay
 .text.HAL_GetREVID
                0x000000000800b60c        0xc ../../libdaisy//build/libdaisy.a(stm32h7xx_hal.o)
                0x000000000800b60c                HAL_GetREVID
 .text.HAL_ADC_ConvHalfCpltCallback
                0x000000000800b618        0x4 ../../libdaisy//build/libdaisy.a(stm32h7xx_hal_adc.o)
                0x000000000800b618                HAL_ADC_ConvHalfCpltCallback
 .text.ADC_DMAHalfConvCplt
                0x000000000800b61c        0xc ../../libdaisy//build/libdaisy.a(stm32h7xx_hal_adc.o)
                0x000000000800b61c                ADC_DMAHalfConvCplt
 .text.ADC_DMAConvCplt
                0x000000000800b628       0x6c ../../libdaisy//build/libdaisy.a(stm32h7xx_hal_adc.o)
                0x000000000800b628                ADC_DMAConvCplt
 .text.ADC_DMAError
                0x000000000800b694       0x1c ../../libdaisy//build/libdaisy.a(stm32h7xx_hal_adc.o)
                0x000000000800b694                ADC_DMAError
 .text.HAL_ADC_ConfigChannel
                0x000000000800b6b0      0x3fc ../../libdaisy//build/libdaisy.a(stm32h7xx_hal_adc.o)
                0x000000000800b6b0                HAL_ADC_ConfigChannel
 .text.ADC_Enable
                0x000000000800baac       0xac ../../libdaisy//build/libdaisy.a(stm32h7xx_hal_adc.o)
                0x000000000800baac                ADC_Enable
 .text.HAL_ADC_Start_DMA
                0x000000000800bb58      0x114 ../../libdaisy//build/libdaisy.a(stm32h7xx_hal_adc.o)
                0x000000000800bb58                HAL_ADC_Start_DMA
 .text.ADC_Disable
                0x000000000800bc6c       0x68 ../../libdaisy//build/libdaisy.a(stm32h7xx_hal_adc.o)
                0x000000000800bc6c                ADC_Disable
 .text.ADC_ConfigureBoostMode
                0x000000000800bcd4      0x184 ../../libdaisy//build/libdaisy.a(stm32h7xx_hal_adc.o)
                0x000000000800bcd4                ADC_ConfigureBoostMode
 .text.HAL_ADC_Init
                0x000000000800be58      0x218 ../../libdaisy//build/libdaisy.a(stm32h7xx_hal_adc.o)
                0x000000000800be58                HAL_ADC_Init
 .text.HAL_ADCEx_Calibration_Start
                0x000000000800c070       0xa4 ../../libdaisy//build/libdaisy.a(stm32h7xx_hal_adc_ex.o)
                0x000000000800c070                HAL_ADCEx_Calibration_Start
 .text.HAL_ADCEx_MultiModeConfigChannel
                0x000000000800c114       0xc4 ../../libdaisy//build/libdaisy.a(stm32h7xx_hal_adc_ex.o)
                0x000000000800c114                HAL_ADCEx_MultiModeConfigChannel
 .text.HAL_NVIC_SetPriorityGrouping
                0x000000000800c1d8       0x24 ../../libdaisy//build/libdaisy.a(stm32h7xx_hal_cortex.o)
                0x000000000800c1d8                HAL_NVIC_SetPriorityGrouping
 .text.HAL_NVIC_SetPriority
                0x000000000800c1fc       0x7c ../../libdaisy//build/libdaisy.a(stm32h7xx_hal_cortex.o)
                0x000000000800c1fc                HAL_NVIC_SetPriority
 .text.HAL_NVIC_EnableIRQ
                0x000000000800c278       0x1c ../../libdaisy//build/libdaisy.a(stm32h7xx_hal_cortex.o)
                0x000000000800c278                HAL_NVIC_EnableIRQ
 .text.HAL_NVIC_DisableIRQ
                0x000000000800c294       0x28 ../../libdaisy//build/libdaisy.a(stm32h7xx_hal_cortex.o)
                0x000000000800c294                HAL_NVIC_DisableIRQ
 .text.HAL_SYSTICK_Config
                0x000000000800c2bc       0x2c ../../libdaisy//build/libdaisy.a(stm32h7xx_hal_cortex.o)
                0x000000000800c2bc                HAL_SYSTICK_Config
 .text.HAL_MPU_Disable
                0x000000000800c2e8       0x1c ../../libdaisy//build/libdaisy.a(stm32h7xx_hal_cortex.o)
                0x000000000800c2e8                HAL_MPU_Disable
 .text.HAL_MPU_Enable
                0x000000000800c304       0x20 ../../libdaisy//build/libdaisy.a(stm32h7xx_hal_cortex.o)
                0x000000000800c304                HAL_MPU_Enable
 .text.HAL_MPU_ConfigRegion
                0x000000000800c324       0x64 ../../libdaisy//build/libdaisy.a(stm32h7xx_hal_cortex.o)
                0x000000000800c324                HAL_MPU_ConfigRegion
 .text.HAL_SYSTICK_Callback
                0x000000000800c388        0x4 ../../libdaisy//build/libdaisy.a(stm32h7xx_hal_cortex.o)
                0x000000000800c388                HAL_SYSTICK_Callback
 .text.HAL_SYSTICK_IRQHandler
                0x000000000800c38c        0x8 ../../libdaisy//build/libdaisy.a(stm32h7xx_hal_cortex.o)
                0x000000000800c38c                HAL_SYSTICK_IRQHandler
 .text.DMA_CalcBaseAndBitshift
                0x000000000800c394       0xf4 ../../libdaisy//build/libdaisy.a(stm32h7xx_hal_dma.o)
 .text.DMA_CalcDMAMUXChannelBaseAndMask
                0x000000000800c488       0xd8 ../../libdaisy//build/libdaisy.a(stm32h7xx_hal_dma.o)
 .text.HAL_DMA_Init
                0x000000000800c560      0x37c ../../libdaisy//build/libdaisy.a(stm32h7xx_hal_dma.o)
                0x000000000800c560                HAL_DMA_Init
 .text.HAL_DMA_Start_IT
                0x000000000800c8dc      0x240 ../../libdaisy//build/libdaisy.a(stm32h7xx_hal_dma.o)
                0x000000000800c8dc                HAL_DMA_Start_IT
 .text.HAL_DMA_Abort_IT
                0x000000000800cb1c      0x134 ../../libdaisy//build/libdaisy.a(stm32h7xx_hal_dma.o)
                0x000000000800cb1c                HAL_DMA_Abort_IT
 .text.HAL_DMA_IRQHandler
                0x000000000800cc50      0x6a0 ../../libdaisy//build/libdaisy.a(stm32h7xx_hal_dma.o)
                0x000000000800cc50                HAL_DMA_IRQHandler
 .text.HAL_DMA_GetError
                0x000000000800d2f0        0x4 ../../libdaisy//build/libdaisy.a(stm32h7xx_hal_dma.o)
                0x000000000800d2f0                HAL_DMA_GetError
 .text.HAL_GPIO_Init
                0x000000000800d2f4      0x280 ../../libdaisy//build/libdaisy.a(stm32h7xx_hal_gpio.o)
                0x000000000800d2f4                HAL_GPIO_Init
 .text.HAL_GPIO_DeInit
                0x000000000800d574      0x190 ../../libdaisy//build/libdaisy.a(stm32h7xx_hal_gpio.o)
                0x000000000800d574                HAL_GPIO_DeInit
 .text.HAL_GPIO_ReadPin
                0x000000000800d704        0xc ../../libdaisy//build/libdaisy.a(stm32h7xx_hal_gpio.o)
                0x000000000800d704                HAL_GPIO_ReadPin
 .text.HAL_GPIO_WritePin
                0x000000000800d710        0x8 ../../libdaisy//build/libdaisy.a(stm32h7xx_hal_gpio.o)
                0x000000000800d710                HAL_GPIO_WritePin
 .text.I2C_WaitOnTXISFlagUntilTimeout
                0x000000000800d718       0xb8 ../../libdaisy//build/libdaisy.a(stm32h7xx_hal_i2c.o)
 .text.I2C_WaitOnSTOPFlagUntilTimeout
                0x000000000800d7d0       0xac ../../libdaisy//build/libdaisy.a(stm32h7xx_hal_i2c.o)
 .text.HAL_I2C_Init
                0x000000000800d87c       0xac ../../libdaisy//build/libdaisy.a(stm32h7xx_hal_i2c.o)
                0x000000000800d87c                HAL_I2C_Init
 .text.HAL_I2C_Master_Transmit
                0x000000000800d928      0x1a8 ../../libdaisy//build/libdaisy.a(stm32h7xx_hal_i2c.o)
                0x000000000800d928                HAL_I2C_Master_Transmit
 .text.HAL_I2C_Slave_Transmit
                0x000000000800dad0      0x1c8 ../../libdaisy//build/libdaisy.a(stm32h7xx_hal_i2c.o)
                0x000000000800dad0                HAL_I2C_Slave_Transmit
 .text.HAL_I2C_EV_IRQHandler
                0x000000000800dc98       0x10 ../../libdaisy//build/libdaisy.a(stm32h7xx_hal_i2c.o)
                0x000000000800dc98                HAL_I2C_EV_IRQHandler
 .text.HAL_I2C_GetState
                0x000000000800dca8        0x8 ../../libdaisy//build/libdaisy.a(stm32h7xx_hal_i2c.o)
                0x000000000800dca8                HAL_I2C_GetState
 .text.HAL_I2CEx_ConfigAnalogFilter
                0x000000000800dcb0       0x54 ../../libdaisy//build/libdaisy.a(stm32h7xx_hal_i2c_ex.o)
                0x000000000800dcb0                HAL_I2CEx_ConfigAnalogFilter
 .text.HAL_I2CEx_ConfigDigitalFilter
                0x000000000800dd04       0x58 ../../libdaisy//build/libdaisy.a(stm32h7xx_hal_i2c_ex.o)
                0x000000000800dd04                HAL_I2CEx_ConfigDigitalFilter
 .text.HAL_PCD_Init
                0x000000000800dd5c      0x12c ../../libdaisy//build/libdaisy.a(stm32h7xx_hal_pcd.o)
                0x000000000800dd5c                HAL_PCD_Init
 .text.HAL_PCD_Start
                0x000000000800de88       0x44 ../../libdaisy//build/libdaisy.a(stm32h7xx_hal_pcd.o)
                0x000000000800de88                HAL_PCD_Start
 .text.HAL_PCD_IRQHandler
                0x000000000800decc      0x69c ../../libdaisy//build/libdaisy.a(stm32h7xx_hal_pcd.o)
                0x000000000800decc                HAL_PCD_IRQHandler
 .text.HAL_PCD_SetAddress
                0x000000000800e568       0x2c ../../libdaisy//build/libdaisy.a(stm32h7xx_hal_pcd.o)
                0x000000000800e568                HAL_PCD_SetAddress
 .text.HAL_PCD_EP_Open
                0x000000000800e594       0x7c ../../libdaisy//build/libdaisy.a(stm32h7xx_hal_pcd.o)
                0x000000000800e594                HAL_PCD_EP_Open
 .text.HAL_PCD_EP_Close
                0x000000000800e610       0x6c ../../libdaisy//build/libdaisy.a(stm32h7xx_hal_pcd.o)
                0x000000000800e610                HAL_PCD_EP_Close
 .text.HAL_PCD_EP_Receive
                0x000000000800e67c       0x50 ../../libdaisy//build/libdaisy.a(stm32h7xx_hal_pcd.o)
                0x000000000800e67c                HAL_PCD_EP_Receive
 .text.HAL_PCD_EP_GetRxCount
                0x000000000800e6cc       0x14 ../../libdaisy//build/libdaisy.a(stm32h7xx_hal_pcd.o)
                0x000000000800e6cc                HAL_PCD_EP_GetRxCount
 .text.HAL_PCD_EP_Transmit
                0x000000000800e6e0       0x50 ../../libdaisy//build/libdaisy.a(stm32h7xx_hal_pcd.o)
                0x000000000800e6e0                HAL_PCD_EP_Transmit
 .text.HAL_PCD_EP_SetStall
                0x000000000800e730       0x88 ../../libdaisy//build/libdaisy.a(stm32h7xx_hal_pcd.o)
                0x000000000800e730                HAL_PCD_EP_SetStall
 .text.HAL_PCD_EP_ClrStall
                0x000000000800e7b8       0x78 ../../libdaisy//build/libdaisy.a(stm32h7xx_hal_pcd.o)
                0x000000000800e7b8                HAL_PCD_EP_ClrStall
 .text.HAL_PCDEx_SetTxFiFo
                0x000000000800e830       0x54 ../../libdaisy//build/libdaisy.a(stm32h7xx_hal_pcd_ex.o)
                0x000000000800e830                HAL_PCDEx_SetTxFiFo
 .text.HAL_PCDEx_SetRxFiFo
                0x000000000800e884        0xc ../../libdaisy//build/libdaisy.a(stm32h7xx_hal_pcd_ex.o)
                0x000000000800e884                HAL_PCDEx_SetRxFiFo
 .text.HAL_PCDEx_ActivateLPM
                0x000000000800e890       0x30 ../../libdaisy//build/libdaisy.a(stm32h7xx_hal_pcd_ex.o)
                0x000000000800e890                HAL_PCDEx_ActivateLPM
 .text.HAL_PCDEx_LPM_Callback
                0x000000000800e8c0        0x4 ../../libdaisy//build/libdaisy.a(stm32h7xx_hal_pcd_ex.o)
                0x000000000800e8c0                HAL_PCDEx_LPM_Callback
 .text.HAL_PWREx_ConfigSupply
                0x000000000800e8c4       0x4c ../../libdaisy//build/libdaisy.a(stm32h7xx_hal_pwr_ex.o)
                0x000000000800e8c4                HAL_PWREx_ConfigSupply
 .text.HAL_PWREx_EnableUSBVoltageDetector
                0x000000000800e910       0x10 ../../libdaisy//build/libdaisy.a(stm32h7xx_hal_pwr_ex.o)
                0x000000000800e910                HAL_PWREx_EnableUSBVoltageDetector
 .text.QSPI_Config
                0x000000000800e920      0x174 ../../libdaisy//build/libdaisy.a(stm32h7xx_hal_qspi.o)
 .text.HAL_QSPI_Init
                0x000000000800ea94       0xd8 ../../libdaisy//build/libdaisy.a(stm32h7xx_hal_qspi.o)
                0x000000000800ea94                HAL_QSPI_Init
 .text.HAL_QSPI_DeInit
                0x000000000800eb6c       0x3c ../../libdaisy//build/libdaisy.a(stm32h7xx_hal_qspi.o)
                0x000000000800eb6c                HAL_QSPI_DeInit
 .text.HAL_QSPI_Command
                0x000000000800eba8       0xd4 ../../libdaisy//build/libdaisy.a(stm32h7xx_hal_qspi.o)
                0x000000000800eba8                HAL_QSPI_Command
 .text.HAL_QSPI_Transmit
                0x000000000800ec7c       0xfc ../../libdaisy//build/libdaisy.a(stm32h7xx_hal_qspi.o)
                0x000000000800ec7c                HAL_QSPI_Transmit
 .text.HAL_QSPI_Receive
                0x000000000800ed78      0x108 ../../libdaisy//build/libdaisy.a(stm32h7xx_hal_qspi.o)
                0x000000000800ed78                HAL_QSPI_Receive
 .text.HAL_QSPI_AutoPolling
                0x000000000800ee80       0xf0 ../../libdaisy//build/libdaisy.a(stm32h7xx_hal_qspi.o)
                0x000000000800ee80                HAL_QSPI_AutoPolling
 .text.HAL_QSPI_MemoryMapped
                0x000000000800ef70       0xc0 ../../libdaisy//build/libdaisy.a(stm32h7xx_hal_qspi.o)
                0x000000000800ef70                HAL_QSPI_MemoryMapped
 .text.HAL_QSPI_ErrorCallback
                0x000000000800f030        0x4 ../../libdaisy//build/libdaisy.a(stm32h7xx_hal_qspi.o)
                0x000000000800f030                HAL_QSPI_ErrorCallback
 .text.QSPI_DMAAbortCplt
                0x000000000800f034       0x38 ../../libdaisy//build/libdaisy.a(stm32h7xx_hal_qspi.o)
 .text.HAL_QSPI_AbortCpltCallback
                0x000000000800f06c        0x4 ../../libdaisy//build/libdaisy.a(stm32h7xx_hal_qspi.o)
                0x000000000800f06c                HAL_QSPI_AbortCpltCallback
 .text.HAL_QSPI_CmdCpltCallback
                0x000000000800f070        0x4 ../../libdaisy//build/libdaisy.a(stm32h7xx_hal_qspi.o)
                0x000000000800f070                HAL_QSPI_CmdCpltCallback
 .text.HAL_QSPI_RxCpltCallback
                0x000000000800f074        0x4 ../../libdaisy//build/libdaisy.a(stm32h7xx_hal_qspi.o)
                0x000000000800f074                HAL_QSPI_RxCpltCallback
 .text.HAL_QSPI_TxCpltCallback
                0x000000000800f078        0x4 ../../libdaisy//build/libdaisy.a(stm32h7xx_hal_qspi.o)
                0x000000000800f078                HAL_QSPI_TxCpltCallback
 .text.HAL_QSPI_FifoThresholdCallback
                0x000000000800f07c        0x4 ../../libdaisy//build/libdaisy.a(stm32h7xx_hal_qspi.o)
                0x000000000800f07c                HAL_QSPI_FifoThresholdCallback
 .text.HAL_QSPI_StatusMatchCallback
                0x000000000800f080        0x4 ../../libdaisy//build/libdaisy.a(stm32h7xx_hal_qspi.o)
                0x000000000800f080                HAL_QSPI_StatusMatchCallback
 .text.HAL_QSPI_TimeOutCallback
                0x000000000800f084        0x4 ../../libdaisy//build/libdaisy.a(stm32h7xx_hal_qspi.o)
                0x000000000800f084                HAL_QSPI_TimeOutCallback
 .text.HAL_QSPI_IRQHandler
                0x000000000800f088      0x210 ../../libdaisy//build/libdaisy.a(stm32h7xx_hal_qspi.o)
                0x000000000800f088                HAL_QSPI_IRQHandler
 .text.HAL_RCC_OscConfig
                0x000000000800f298      0x51c ../../libdaisy//build/libdaisy.a(stm32h7xx_hal_rcc.o)
                0x000000000800f298                HAL_RCC_OscConfig
 .text.HAL_RCC_GetSysClockFreq
                0x000000000800f7b4      0x140 ../../libdaisy//build/libdaisy.a(stm32h7xx_hal_rcc.o)
                0x000000000800f7b4                HAL_RCC_GetSysClockFreq
 .text.HAL_RCC_ClockConfig
                0x000000000800f8f4      0x234 ../../libdaisy//build/libdaisy.a(stm32h7xx_hal_rcc.o)
                0x000000000800f8f4                HAL_RCC_ClockConfig
 .text.HAL_RCC_GetHCLKFreq
                0x000000000800fb28       0x2c ../../libdaisy//build/libdaisy.a(stm32h7xx_hal_rcc.o)
                0x000000000800fb28                HAL_RCC_GetHCLKFreq
 .text.HAL_RCC_GetPCLK1Freq
                0x000000000800fb54       0x38 ../../libdaisy//build/libdaisy.a(stm32h7xx_hal_rcc.o)
                0x000000000800fb54                HAL_RCC_GetPCLK1Freq
 .text.RCCEx_PLL2_Config
                0x000000000800fb8c       0xf4 ../../libdaisy//build/libdaisy.a(stm32h7xx_hal_rcc_ex.o)
 .text.RCCEx_PLL3_Config
                0x000000000800fc80       0xf4 ../../libdaisy//build/libdaisy.a(stm32h7xx_hal_rcc_ex.o)
 .text.HAL_RCCEx_PeriphCLKConfig
                0x000000000800fd74      0xa7c ../../libdaisy//build/libdaisy.a(stm32h7xx_hal_rcc_ex.o)
                0x000000000800fd74                HAL_RCCEx_PeriphCLKConfig
 .text.HAL_RCCEx_GetPLL2ClockFreq
                0x00000000080107f0      0x17c ../../libdaisy//build/libdaisy.a(stm32h7xx_hal_rcc_ex.o)
                0x00000000080107f0                HAL_RCCEx_GetPLL2ClockFreq
 .text.HAL_RCCEx_GetPLL3ClockFreq
                0x000000000801096c      0x17c ../../libdaisy//build/libdaisy.a(stm32h7xx_hal_rcc_ex.o)
                0x000000000801096c                HAL_RCCEx_GetPLL3ClockFreq
 .text.HAL_RCCEx_GetPLL1ClockFreq
                0x0000000008010ae8      0x17c ../../libdaisy//build/libdaisy.a(stm32h7xx_hal_rcc_ex.o)
                0x0000000008010ae8                HAL_RCCEx_GetPLL1ClockFreq
 .text.HAL_RCCEx_GetPeriphCLKFreq
                0x0000000008010c64      0x198 ../../libdaisy//build/libdaisy.a(stm32h7xx_hal_rcc_ex.o)
                0x0000000008010c64                HAL_RCCEx_GetPeriphCLKFreq
 .text.HAL_RCCEx_GetD1SysClockFreq
                0x0000000008010dfc       0x2c ../../libdaisy//build/libdaisy.a(stm32h7xx_hal_rcc_ex.o)
                0x0000000008010dfc                HAL_RCCEx_GetD1SysClockFreq
 .text.HAL_SAI_Init.part.0
                0x0000000008010e28      0x348 ../../libdaisy//build/libdaisy.a(stm32h7xx_hal_sai.o)
 .text.HAL_SAI_InitProtocol
                0x0000000008011170      0x178 ../../libdaisy//build/libdaisy.a(stm32h7xx_hal_sai.o)
                0x0000000008011170                HAL_SAI_InitProtocol
 .text.HAL_SAI_Transmit_DMA
                0x00000000080112e8      0x124 ../../libdaisy//build/libdaisy.a(stm32h7xx_hal_sai.o)
                0x00000000080112e8                HAL_SAI_Transmit_DMA
 .text.HAL_SAI_Receive_DMA
                0x000000000801140c       0xd0 ../../libdaisy//build/libdaisy.a(stm32h7xx_hal_sai.o)
                0x000000000801140c                HAL_SAI_Receive_DMA
 .text.HAL_SAI_TxCpltCallback
                0x00000000080114dc        0x4 ../../libdaisy//build/libdaisy.a(stm32h7xx_hal_sai.o)